Component: ARM Compiler 6.16 Tool: armlink [5dfeaa00]

==============================================================================

Section Cross References

    main.o(.text) refers (Special) to _printf_d.o(.ARM.Collect$$_printf_percent$$00000009) for _printf_d
    main.o(.text) refers (Special) to _printf_dec.o(.text) for _printf_int_dec
    main.o(.text) refers (Special) to _printf_percent.o(.ARM.Collect$$_printf_percent$$00000000) for _printf_percent
    main.o(.text.print_matrix) refers (Special) to _printf_d.o(.ARM.Collect$$_printf_percent$$00000009) for _printf_d
    main.o(.text.print_matrix) refers (Special) to _printf_dec.o(.text) for _printf_int_dec
    main.o(.text.print_matrix) refers (Special) to _printf_percent.o(.ARM.Collect$$_printf_percent$$00000000) for _printf_percent
    main.o(.text.print_matrix) refers to putchar.o(.text) for putchar
    main.o(.text.print_matrix) refers to noretval__2printf.o(.text) for __2printf
    main.o(.ARM.exidx.text.print_matrix) refers (Special) to _printf_d.o(.ARM.Collect$$_printf_percent$$00000009) for _printf_d
    main.o(.ARM.exidx.text.print_matrix) refers (Special) to _printf_dec.o(.text) for _printf_int_dec
    main.o(.ARM.exidx.text.print_matrix) refers (Special) to _printf_percent.o(.ARM.Collect$$_printf_percent$$00000000) for _printf_percent
    main.o(.ARM.exidx.text.print_matrix) refers to main.o(.text.print_matrix) for [Anonymous Symbol]
    main.o(.text.main) refers (Special) to _printf_d.o(.ARM.Collect$$_printf_percent$$00000009) for _printf_d
    main.o(.text.main) refers (Special) to _printf_dec.o(.text) for _printf_int_dec
    main.o(.text.main) refers (Special) to _printf_percent.o(.ARM.Collect$$_printf_percent$$00000000) for _printf_percent
    main.o(.text.main) refers to main.o(.rodata..L__const.main.source_matrix1) for .L__const.main.source_matrix1
    main.o(.text.main) refers to main.o(.rodata..L__const.main.source_matrix2) for .L__const.main.source_matrix2
    main.o(.text.main) refers to main.o(.rodata..L__const.main.results_matrix) for .L__const.main.results_matrix
    main.o(.text.main) refers to main.o(.bss.results_matrix_data) for results_matrix_data
    main.o(.text.main) refers to matrix.o(program) for matrix_mul
    main.o(.text.main) refers to puts.o(.text) for puts
    main.o(.text.main) refers to main.o(.text.print_matrix) for print_matrix
    main.o(.ARM.exidx.text.main) refers (Special) to _printf_d.o(.ARM.Collect$$_printf_percent$$00000009) for _printf_d
    main.o(.ARM.exidx.text.main) refers (Special) to _printf_dec.o(.text) for _printf_int_dec
    main.o(.ARM.exidx.text.main) refers (Special) to _printf_percent.o(.ARM.Collect$$_printf_percent$$00000000) for _printf_percent
    main.o(.ARM.exidx.text.main) refers to main.o(.text.main) for [Anonymous Symbol]
    main.o(.rodata.SOURCE_MATRIX1_DATA) refers (Special) to _printf_d.o(.ARM.Collect$$_printf_percent$$00000009) for _printf_d
    main.o(.rodata.SOURCE_MATRIX1_DATA) refers (Special) to _printf_dec.o(.text) for _printf_int_dec
    main.o(.rodata.SOURCE_MATRIX1_DATA) refers (Special) to _printf_percent.o(.ARM.Collect$$_printf_percent$$00000000) for _printf_percent
    main.o(.rodata..L__const.main.source_matrix1) refers (Special) to _printf_d.o(.ARM.Collect$$_printf_percent$$00000009) for _printf_d
    main.o(.rodata..L__const.main.source_matrix1) refers (Special) to _printf_dec.o(.text) for _printf_int_dec
    main.o(.rodata..L__const.main.source_matrix1) refers (Special) to _printf_percent.o(.ARM.Collect$$_printf_percent$$00000000) for _printf_percent
    main.o(.rodata..L__const.main.source_matrix1) refers to main.o(.rodata.SOURCE_MATRIX1_DATA) for [Anonymous Symbol]
    main.o(.rodata.SOURCE_MATRIX2_DATA) refers (Special) to _printf_d.o(.ARM.Collect$$_printf_percent$$00000009) for _printf_d
    main.o(.rodata.SOURCE_MATRIX2_DATA) refers (Special) to _printf_dec.o(.text) for _printf_int_dec
    main.o(.rodata.SOURCE_MATRIX2_DATA) refers (Special) to _printf_percent.o(.ARM.Collect$$_printf_percent$$00000000) for _printf_percent
    main.o(.rodata..L__const.main.source_matrix2) refers (Special) to _printf_d.o(.ARM.Collect$$_printf_percent$$00000009) for _printf_d
    main.o(.rodata..L__const.main.source_matrix2) refers (Special) to _printf_dec.o(.text) for _printf_int_dec
    main.o(.rodata..L__const.main.source_matrix2) refers (Special) to _printf_percent.o(.ARM.Collect$$_printf_percent$$00000000) for _printf_percent
    main.o(.rodata..L__const.main.source_matrix2) refers to main.o(.rodata.SOURCE_MATRIX2_DATA) for [Anonymous Symbol]
    main.o(.bss.results_matrix_data) refers (Special) to _printf_d.o(.ARM.Collect$$_printf_percent$$00000009) for _printf_d
    main.o(.bss.results_matrix_data) refers (Special) to _printf_dec.o(.text) for _printf_int_dec
    main.o(.bss.results_matrix_data) refers (Special) to _printf_percent.o(.ARM.Collect$$_printf_percent$$00000000) for _printf_percent
[...]
    heap2.o(i.realloc$realtime) refers to rt_memcpy_w.o(.text) for __aeabi_memcpy4
    heap2_threads.o(i._FDIterate) refers to heap2_threads.o(.conststring) for .conststring
    heap2_threads.o(i.__Heap_Initialize$realtime$concurrent) refers to mutex_dummy.o(.text) for _mutex_initialize
    heap2_threads.o(i.__Heap_ProvideMemory$realtime$concurrent) refers to fdtree.o(i._FDTree_Delete) for _FDTree_Delete
    heap2_threads.o(i.__Heap_ProvideMemory$realtime$concurrent) refers to fdtree.o(i._FDTree_Insert) for _FDTree_Insert
    heap2_threads.o(i.__Heap_Stats$realtime$concurrent) refers to heap2_threads.o(i._Heap2_StatsIterate) for _Heap2_StatsIterate
    heap2_threads.o(i.__Heap_Valid$realtime$concurrent) refers to heap2_threads.o(i._FDIterate) for _FDIterate
    heap2_threads.o(i.__Heap_Valid$realtime$concurrent) refers to heap2_threads.o(.conststring) for .conststring
    heap2_threads.o(i.free$realtime$concurrent) refers to rt_heap_descriptor_intlibspace.o(.text) for __rt_heap_descriptor
    heap2_threads.o(i.free$realtime$concurrent) refers to fdtree.o(i._FDTree_Delete) for _FDTree_Delete
    heap2_threads.o(i.free$realtime$concurrent) refers to fdtree.o(i._FDTree_Insert) for _FDTree_Insert
    heap2_threads.o(i.malloc$realtime$concurrent) refers to rt_heap_descriptor_intlibspace.o(.text) for __rt_heap_descriptor
    heap2_threads.o(i.malloc$realtime$concurrent) refers to fdtree.o(i._FDTree_FindFirst) for _FDTree_FindFirst
    heap2_threads.o(i.malloc$realtime$concurrent) refers to init_alloc.o(.text) for __Heap_Full
    heap2_threads.o(i.malloc$realtime$concurrent) refers to fdtree.o(i._FDTree_RemoveNode) for _FDTree_RemoveNode
    heap2_threads.o(i.malloc$realtime$concurrent) refers to fdtree.o(i._FDTree_Insert) for _FDTree_Insert
    heap2_threads.o(i.posix_memalign$realtime$concurrent) refers to rt_heap_descriptor_intlibspace.o(.text) for __rt_heap_descriptor
    heap2_threads.o(i.posix_memalign$realtime$concurrent) refers to fdtree.o(i._FDTree_FindFirst) for _FDTree_FindFirst
    heap2_threads.o(i.posix_memalign$realtime$concurrent) refers to init_alloc.o(.text) for __Heap_Full
    heap2_threads.o(i.posix_memalign$realtime$concurrent) refers to fdtree.o(i._FDTree_RemoveNode) for _FDTree_RemoveNode
    heap2_threads.o(i.posix_memalign$realtime$concurrent) refers to fdtree.o(i._FDTree_Insert) for _FDTree_Insert
    heap2_threads.o(i.realloc$realtime$concurrent) refers to rt_heap_descriptor_intlibspace.o(.text) for __rt_heap_descriptor
    heap2_threads.o(i.realloc$realtime$concurrent) refers to fdtree.o(i._FDTree_Insert) for _FDTree_Insert
    heap2_threads.o(i.realloc$realtime$concurrent) refers to h1_free.o(.text) for free
    heap2_threads.o(i.realloc$realtime$concurrent) refers to h1_alloc.o(.text) for malloc
    heap2_threads.o(i.realloc$realtime$concurrent) refers to fdtree.o(i._FDTree_Delete) for _FDTree_Delete
    heap2_threads.o(i.realloc$realtime$concurrent) refers to rt_memcpy_w.o(.text) for __aeabi_memcpy4
    _printf_char_file_locked.o(.text) refers to _printf_char_common.o(.text) for _printf_char_common
    _printf_char_file_locked.o(.text) refers to fputc.o(i._fputc$unlocked) for _fputc$unlocked
    stdio.o(.text) refers to retarget_io.o(.text._sys_seek) for _sys_seek
    stdio.o(.text) refers to retarget_io.o(.text._sys_write) for _sys_write
    fwritefast.o(.text) refers to stdio.o(.text) for _writebuf
    fwritefast.o(.text) refers to flsbuf.o(.text) for __flsbuf_byte
    fwritefast.o(.text) refers to rt_memcpy_v6.o(.text) for __aeabi_memcpy
    streamlock.o(.data) refers (Special) to initio.o(.text) for _initio
    fopen.o(.text) refers to fclose.o(.text) for _fclose_internal
    fopen.o(.text) refers to retarget_io.o(.text._sys_open) for _sys_open
    fopen.o(.text) refers to fseek.o(.text) for _fseek
    fopen.o(.text) refers to h1_alloc.o(.text) for malloc
    fopen.o(.text) refers to rt_memclr_w.o(.text) for __aeabi_memclr4
    fopen.o(.text) refers to stdio_streams.o(.bss) for __stdin
    fclose.o(.text) refers to stdio.o(.text) for _fflush
    fclose.o(.text) refers to retarget_io.o(.text._sys_close) for _sys_close
    fclose.o(.text) refers to h1_free.o(.text) for free
    fclose.o(.text) refers to rt_memclr_w.o(.text) for __aeabi_memclr4
    puts_locked.o(.text) refers to stdio_streams.o(.bss) for __stdout
    fopen_locked.o(.text) refers to fclose.o(.text) for _fclose_internal
    fopen_locked.o(.text) refers to retarget_io.o(.text._sys_open) for _sys_open
    fopen_locked.o(.text) refers to fseek.o(.text) for _fseek
    fopen_locked.o(.text) refers to h1_alloc.o(.text) for malloc
    fopen_locked.o(.text) refers to rt_memclr_w.o(.text) for __aeabi_memclr4
    fopen_locked.o(.text) refers to streamlock.o(.data) for _stream_list_lock
    fopen_locked.o(.text) refers to stdio_streams.o(.bss) for __stdin
    fwritefast_locked.o(.text) refers to stdio.o(.text) for _writebuf
    fwritefast_locked.o(.text) refers to flsbuf.o(.text) for __flsbuf_byte
    fwritefast_locked.o(.text) refers to rt_memcpy_v6.o(.text) for __aeabi_memcpy
    exit.o(.text) refers to rtexit.o(.ARM.Collect$$rtexit$$00000000) for __rt_exit
    defsig_rtred_outer.o(.text) refers to defsig_rtred_inner.o(.text) for __rt_SIGRTRED_inner
    defsig_rtred_outer.o(.text) refers to defsig_exit.o(.text) for __sig_exit
    defsig_rtred_formal.o(.text) refers to rt_raise.o(.text) for __rt_raise
    assert_stdio.o(.text) refers to fputs.o(.text) for fputs
    assert_stdio.o(.text) refers to fflush.o(.text) for fflush
    assert_stdio.o(.text) refers to stdio_streams.o(.bss) for __stderr
    libinit.o(.ARM.Collect$$libinit$$00000000) refers (Special) to libinit2.o(.ARM.Collect$$libinit$$0000002E) for __rt_lib_init_alloca_1
    libinit.o(.ARM.Collect$$libinit$$00000000) refers (Special) to libinit2.o(.ARM.Collect$$libinit$$0000002C) for __rt_lib_init_argv_1
    libinit.o(.ARM.Collect$$libinit$$00000000) refers (Special) to libinit2.o(.ARM.Collect$$libinit$$0000001B) for __rt_lib_init_atexit_1
    libinit.o(.ARM.Collect$$libinit$$00000000) refers (Special) to libinit2.o(.ARM.Collect$$libinit$$00000021) for __rt_lib_init_clock_1
    libinit.o(.ARM.Collect$$libinit$$00000000) refers (Special) to libinit2.o(.ARM.Collect$$libinit$$00000032) for __rt_lib_init_cpp_1
    libinit.o(.ARM.Collect$$libinit$$00000000) refers (Special) to libinit2.o(.ARM.Collect$$libinit$$00000030) for __rt_lib_init_exceptions_1
    libinit.o(.ARM.Collect$$libinit$$00000000) refers (Special) to libinit2.o(.ARM.Collect$$libinit$$00000002) for __rt_lib_init_fp_1
    libinit.o(.ARM.Collect$$libinit$$00000000) refers (Special) to libinit2.o(.ARM.Collect$$libinit$$0000001F) for __rt_lib_init_fp_trap_1
    libinit.o(.ARM.Collect$$libinit$$00000000) refers (Special) to libinit2.o(.ARM.Collect$$libinit$$00000023) for __rt_lib_init_getenv_1
    libinit.o(.ARM.Collect$$libinit$$00000000) refers (Special) to libinit2.o(.ARM.Collect$$libinit$$0000000A) for __rt_lib_init_heap_1
    libinit.o(.ARM.Collect$$libinit$$00000000) refers (Special) to libinit2.o(.ARM.Collect$$libinit$$00000011) for __rt_lib_init_lc_collate_1
    libinit.o(.ARM.Collect$$libinit$$00000000) refers (Special) to libinit2.o(.ARM.Collect$$libinit$$00000013) for __rt_lib_init_lc_ctype_1
    libinit.o(.ARM.Collect$$libinit$$00000000) refers (Special) to libinit2.o(.ARM.Collect$$libinit$$00000015) for __rt_lib_init_lc_monetary_1
    libinit.o(.ARM.Collect$$libinit$$00000000) refers (Special) to libinit2.o(.ARM.Collect$$libinit$$00000017) for __rt_lib_init_lc_numeric_1
    libinit.o(.ARM.Collect$$libinit$$00000000) refers (Special) to libinit2.o(.ARM.Collect$$libinit$$00000019) for __rt_lib_init_lc_time_1
    libinit.o(.ARM.Collect$$libinit$$00000000) refers (Special) to libinit2.o(.ARM.Collect$$libinit$$00000004) for __rt_lib_init_preinit_1
    libinit.o(.ARM.Collect$$libinit$$00000000) refers (Special) to libinit2.o(.ARM.Collect$$libinit$$0000000E) for __rt_lib_init_rand_1
    libinit.o(.ARM.Collect$$libinit$$00000000) refers (Special) to libinit2.o(.ARM.Collect$$libinit$$00000033) for __rt_lib_init_return
    libinit.o(.ARM.Collect$$libinit$$00000000) refers (Special) to libinit2.o(.ARM.Collect$$libinit$$0000001D) for __rt_lib_init_signal_1
    libinit.o(.ARM.Collect$$libinit$$00000000) refers (Special) to libinit2.o(.ARM.Collect$$libinit$$00000025) for __rt_lib_init_stdio_1
    libinit.o(.ARM.Collect$$libinit$$00000000) refers (Special) to libinit2.o(.ARM.Collect$$libinit$$0000000C) for __rt_lib_init_user_alloc_1
    libinit2.o(.ARM.Collect$$libinit$$00000005) refers (Weak) to init_alloc.o(.text) for _init_alloc
    libinit2.o(.ARM.Collect$$libinit$$00000010) refers to libinit2.o(.ARM.Collect$$libinit$$0000000F) for .ARM.Collect$$libinit$$0000000F
    libinit2.o(.ARM.Collect$$libinit$$00000012) refers to libinit2.o(.ARM.Collect$$libinit$$0000000F) for .ARM.Collect$$libinit$$0000000F
    libinit2.o(.ARM.Collect$$libinit$$00000014) refers to libinit2.o(.ARM.Collect$$libinit$$0000000F) for .ARM.Collect$$libinit$$0000000F
    libinit2.o(.ARM.Collect$$libinit$$00000016) refers to libinit2.o(.ARM.Collect$$libinit$$0000000F) for .ARM.Collect$$libinit$$0000000F
    libinit2.o(.ARM.Collect$$libinit$$00000018) refers to libinit2.o(.ARM.Collect$$libinit$$0000000F) for .ARM.Collect$$libinit$$0000000F
    libinit2.o(.ARM.Collect$$libinit$$00000024) refers (Weak) to initio.o(.text) for _initio
    libinit2.o(.ARM.Collect$$libinit$$00000026) refers to argv_veneer.o(.emb_text) for __ARM_argv_veneer
    libinit2.o(.ARM.Collect$$libinit$$00000027) refers to argv_veneer.o(.emb_text) for __ARM_argv_veneer
    libshutdown2.o(.ARM.Collect$$libshutdown$$00000003) refers (Weak) to initio.o(.text) for _terminateio
    libshutdown2.o(.ARM.Collect$$libshutdown$$0000000D) refers (Weak) to term_alloc.o(.text) for _terminate_alloc
    libspace.o(.text) refers to libspace.o(.bss) for __libspace_start
    sys_stackheap.o(.text) refers (Special) to indicate_semi.o(.text) for __semihosting_library_function
    sys_stackheap.o(.text) refers to use_no_semi.o(.text) for __I$use$semihosting
    sys_stackheap_hlt.o(.text) refers (Special) to indicate_semi.o(.text) for __semihosting_library_function
    sys_stackheap_hlt.o(.text) refers to use_no_semi.o(.text) for __I$use$semihosting
    rtexit.o(.ARM.Collect$$rtexit$$00000000) refers (Special) to rtexit2.o(.ARM.Collect$$rtexit$$00000004) for __rt_exit_exit
    rtexit.o(.ARM.Collect$$rtexit$$00000000) refers (Special) to rtexit2.o(.ARM.Collect$$rtexit$$00000003) for __rt_exit_ls
    rtexit.o(.ARM.Collect$$rtexit$$00000000) refers (Special) to rtexit2.o(.ARM.Collect$$rtexit$$00000002) for __rt_exit_prels_1
    rtexit.o(.ARM.exidx) refers (Special) to rtexit2.o(.ARM.Collect$$rtexit$$00000004) for __rt_exit_exit
    rtexit.o(.ARM.exidx) refers (Special) to rtexit2.o(.ARM.Collect$$rtexit$$00000003) for __rt_exit_ls
    rtexit.o(.ARM.exidx) refers (Special) to rtexit2.o(.ARM.Collect$$rtexit$$00000002) for __rt_exit_prels_1
    rtexit.o(.ARM.exidx) refers to rtexit.o(.ARM.Collect$$rtexit$$00000000) for .ARM.Collect$$rtexit$$00000000
    rt_raise.o(.text) refers to __raise.o(.text) for __raise
    rt_raise.o(.text) refers to sys_exit.o(.text) for _sys_exit
    rt_heap_descriptor.o(.text) refers to rt_heap_descriptor.o(.bss) for __rt_heap_descriptor_data
    rt_heap_descriptor_intlibspace.o(.text) refers to libspace.o(.bss) for __libspace_start
    init_alloc.o(.text) refers (Special) to hguard.o(.text) for __heap$guard
    init_alloc.o(.text) refers (Special) to libinit5.o(.ARM.Collect$$libinit$$00000008) for __rt_lib_init_heap_2
    init_alloc.o(.text) refers (Special) to maybetermalloc1.o(.text) for _maybe_terminate_alloc
    init_alloc.o(.text) refers to h1_extend.o(.text) for __Heap_ProvideMemory
    init_alloc.o(.text) refers to defsig_rtmem_outer.o(.text) for __rt_SIGRTMEM
    init_alloc.o(.text) refers to rt_heap_descriptor_intlibspace.o(.text) for __rt_heap_descriptor
    init_alloc.o(.text) refers to h1_init.o(.text) for __Heap_Initialize
    h1_init_threads.o(.text) refers to mutex_dummy.o(.text) for _mutex_initialize
    fflush.o(.text) refers to stdio.o(.text) for _fflush
    fflush.o(.text) refers to fseek.o(.text) for _fseek
    fflush.o(.text) refers to stdio_streams.o(.bss) for __stdin
    fputs.o(.text) refers to fputc.o(i.fputc) for fputc
    fseek.o(.text) refers to retarget_io.o(.text._sys_istty) for _sys_istty
    fseek.o(.text) refers to ftell.o(.text) for _ftell_internal
    fseek.o(.text) refers to retarget_io.o(.text._sys_flen) for _sys_flen
    fseek.o(.text) refers to stdio.o(.text) for _seterr
    fflush_locked.o(.text) refers to stdio.o(.text) for _fflush
    fflush_locked.o(.text) refers to fseek.o(.text) for _fseek
    fflush_locked.o(.text) refers to fflush.o(.text) for _do_fflush
    fflush_locked.o(.text) refers to streamlock.o(.data) for _stream_list_lock
    fflush_locked.o(.text) refers to stdio_streams.o(.bss) for __stdin
    defsig_exit.o(.text) refers to sys_exit.o(.text) for _sys_exit
    defsig_rtred_inner.o(.text) refers to defsig_general.o(.text) for __default_signal_display
    rt_memcpy_v6.o(.text) refers to rt_memcpy_w.o(.text) for __aeabi_memcpy4
    _get_argv.o(.text) refers (Special) to hrguard.o(.text) for __heap_region$guard
    _get_argv.o(.text) refers to h1_alloc.o(.text) for malloc
    _get_argv.o(.text) refers to defsig_rtmem_outer.o(.text) for __rt_SIGRTMEM
    _get_argv.o(.text) refers to sys_command.o(.text) for _sys_command_string
    argv_veneer.o(.emb_text) refers to no_argv.o(.text) for __ARM_get_argv
    libinit5.o(.ARM.Collect$$libinit$$00000008) refers to libinit5.o(.ARM.Collect$$libinit$$00002719) for __lit__00000000
    libinit5.o(.ARM.Collect$$libinit$$00000008) refers (Weak) to init_alloc.o(.text) for _init_alloc
    libinit5.o(.ARM.Collect$$libinit$$0000002A) refers to libinit5.o(.ARM.Collect$$libinit$$0000273B) for __lit__00000002
    libinit5.o(.ARM.Collect$$libinit$$0000002A) refers to argv_veneer.o(.emb_text) for __ARM_argv_veneer
    sys_command.o(.text) refers (Special) to use_no_semi.o(.text) for __I$use$semihosting
    sys_command.o(.text) refers (Special) to indicate_semi.o(.text) for __semihosting_library_function
    sys_exit.o(.text) refers (Special) to use_no_semi.o(.text) for __I$use$semihosting
    sys_exit.o(.text) refers (Special) to indicate_semi.o(.text) for __semihosting_library_function
    sys_command_hlt.o(.text) refers (Special) to use_no_semi.o(.text) for __I$use$semihosting
    sys_command_hlt.o(.text) refers (Special) to indicate_semi.o(.text) for __semihosting_library_function
    sys_exit_hlt.o(.text) refers (Special) to use_no_semi.o(.text) for __I$use$semihosting
    sys_exit_hlt.o(.text) refers (Special) to indicate_semi.o(.text) for __semihosting_library_function
    rtexit2.o(.ARM.Collect$$rtexit$$00000003) refers to libshutdown.o(.ARM.Collect$$libshutdown$$00000000) for __rt_lib_shutdown
    rtexit2.o(.ARM.Collect$$rtexit$$00000004) refers to sys_exit.o(.text) for _sys_exit
    rtexit2.o(.ARM.exidx) refers to rtexit2.o(.ARM.Collect$$rtexit$$00000001) for .ARM.Collect$$rtexit$$00000001
    rtexit2.o(.ARM.exidx) refers to rtexit2.o(.ARM.Collect$$rtexit$$00000003) for .ARM.Collect$$rtexit$$00000003
    rtexit2.o(.ARM.exidx) refers to rtexit2.o(.ARM.Collect$$rtexit$$00000004) for .ARM.Collect$$rtexit$$00000004
    maybetermalloc2.o(.text) refers (Special) to term_alloc.o(.text) for _terminate_alloc
    h1_extend.o(.text) refers to h1_free.o(.text) for free
    h1_extend_threads.o(.text) refers to h1_free_threads.o(.text) for free_internal$concurrent
    ftell.o(.text) refers to rt_errno_addr_intlibspace.o(.text) for __aeabi_errno_addr
    __raise.o(.text) refers to defsig.o(CL$$defsig) for __default_signal_handler
    defsig_general.o(.text) refers to sys_wrch.o(.text) for _ttywrch
    defsig_rtmem_outer.o(.text) refers to defsig_rtmem_inner.o(.text) for __rt_SIGRTMEM_inner
    defsig_rtmem_outer.o(.text) refers to defsig_exit.o(.text) for __sig_exit
    defsig_rtmem_formal.o(.text) refers to rt_raise.o(.text) for __rt_raise
    heapauxa.o(.text) refers to heapauxa.o(.data) for .data
    _get_argv_nomalloc.o(.text) refers (Special) to hrguard.o(.text) for __heap_region$guard
    _get_argv_nomalloc.o(.text) refers to defsig_rtmem_outer.o(.text) for __rt_SIGRTMEM
    _get_argv_nomalloc.o(.text) refers to sys_command.o(.text) for _sys_command_string
    sys_wrch.o(.text) refers (Special) to use_no_semi.o(.text) for __I$use$semihosting
    sys_wrch.o(.text) refers (Special) to indicate_semi.o(.text) for __semihosting_library_function
    sys_wrch_hlt.o(.text) refers (Special) to use_no_semi.o(.text) for __I$use$semihosting
    sys_wrch_hlt.o(.text) refers (Special) to indicate_semi.o(.text) for __semihosting_library_function
    rt_errno_addr.o(.text) refers to rt_errno_addr.o(.bss) for __aeabi_errno_addr_data
    rt_errno_addr_intlibspace.o(.text) refers to libspace.o(.bss) for __libspace_start
    term_alloc.o(.text) refers (Special) to libshutdown2.o(.ARM.Collect$$libshutdown$$0000000E) for __rt_lib_shutdown_heap_2
    term_alloc.o(.text) refers to rt_heap_descriptor_intlibspace.o(.text) for __rt_heap_descriptor
    term_alloc.o(.text) refers to h1_final.o(.text) for __Heap_Finalize
    defsig_rtmem_inner.o(.text) refers to defsig_general.o(.text) for __default_signal_display
    defsig.o(CL$$defsig) refers to defsig_rtred_inner.o(.text) for __rt_SIGRTRED_inner
    defsig.o(CL$$defsig) refers to defsig_rtmem_inner.o(.text) for __rt_SIGRTMEM_inner
    libshutdown.o(.ARM.Collect$$libshutdown$$00000000) refers (Special) to libshutdown2.o(.ARM.Collect$$libshutdown$$00000002) for __rt_lib_shutdown_cpp_1
    libshutdown.o(.ARM.Collect$$libshutdown$$00000000) refers (Special) to libshutdown2.o(.ARM.Collect$$libshutdown$$00000007) for __rt_lib_shutdown_fp_trap_1
    libshutdown.o(.ARM.Collect$$libshutdown$$00000000) refers (Special) to libshutdown2.o(.ARM.Collect$$libshutdown$$0000000F) for __rt_lib_shutdown_heap_1
    libshutdown.o(.ARM.Collect$$libshutdown$$00000000) refers (Special) to libshutdown2.o(.ARM.Collect$$libshutdown$$00000010) for __rt_lib_shutdown_return
    libshutdown.o(.ARM.Collect$$libshutdown$$00000000) refers (Special) to libshutdown2.o(.ARM.Collect$$libshutdown$$0000000A) for __rt_lib_shutdown_signal_1
    libshutdown.o(.ARM.Collect$$libshutdown$$00000000) refers (Special) to libshutdown2.o(.ARM.Collect$$libshutdown$$00000004) for __rt_lib_shutdown_stdio_1
    libshutdown.o(.ARM.Collect$$libshutdown$$00000000) refers (Special) to libshutdown2.o(.ARM.Collect$$libshutdown$$0000000C) for __rt_lib_shutdown_user_alloc_1
    defsig_abrt_inner.o(.text) refers to defsig_general.o(.text) for __default_signal_display
    defsig_fpe_inner.o(.text) refers to defsig_general.o(.text) for __default_signal_display
    defsig_stak_inner.o(.text) refers to defsig_general.o(.text) for __default_signal_display
    defsig_pvfn_inner.o(.text) refers to defsig_general.o(.text) for __default_signal_display
    defsig_cppl_inner.o(.text) refers to defsig_general.o(.text) for __default_signal_display
    defsig_segv_inner.o(.text) refers to defsig_general.o(.text) for __default_signal_display
    defsig_other.o(.text) refers to defsig_general.o(.text) for __default_signal_display


==============================================================================

Removing Unused input sections from the image.

    Removing main.o(.text), (0 bytes).
    Removing main.o(.ARM.exidx.text.print_matrix), (8 bytes).
    Removing main.o(.ARM.exidx.text.main), (8 bytes).
    Removing main.o(.ARM.use_no_argv), (4 bytes).
    Removing retarget_io.o(.text), (0 bytes).
    Removing retarget_io.o(.ARM.exidx.text.ITM_SendChar), (8 bytes).
    Removing retarget_io.o(.text.ITM_ReceiveChar), (32 bytes).
    Removing retarget_io.o(.ARM.exidx.text.ITM_ReceiveChar), (8 bytes).
    Removing retarget_io.o(.ARM.exidx.text._sys_open), (8 bytes).
    Removing retarget_io.o(.ARM.exidx.text._sys_close), (8 bytes).
    Removing retarget_io.o(.ARM.exidx.text._sys_write), (8 bytes).
    Removing retarget_io.o(.ARM.exidx.text.stdout_putchar), (8 bytes).
    Removing retarget_io.o(.ARM.exidx.text.stderr_putchar), (8 bytes).
    Removing retarget_io.o(.text._sys_read), (40 bytes).
    Removing retarget_io.o(.ARM.exidx.text._sys_read), (8 bytes).
    Removing retarget_io.o(.text.stdin_getchar), (14 bytes).
    Removing retarget_io.o(.ARM.exidx.text.stdin_getchar), (8 bytes).
    Removing retarget_io.o(.ARM.exidx.text._sys_istty), (8 bytes).
    Removing retarget_io.o(.ARM.exidx.text._sys_seek), (8 bytes).
    Removing retarget_io.o(.ARM.exidx.text._sys_flen), (8 bytes).
    Removing retarget_io.o(.data.ITM_RxBuffer), (4 bytes).
    Removing startup_armcm4.o(.text), (0 bytes).
    Removing startup_armcm4.o(.ARM.exidx.text.Default_Handler), (8 bytes).
    Removing startup_armcm4.o(.ARM.exidx.text.Reset_Handler), (8 bytes).
    Removing startup_armcm4.o(.ARM.exidx.text.HardFault_Handler), (8 bytes).
    Removing system_armcm4.o(.text), (0 bytes).
    Removing system_armcm4.o(.text.SystemCoreClockUpdate), (20 bytes).
    Removing system_armcm4.o(.ARM.exidx.text.SystemCoreClockUpdate), (8 bytes).
    Removing system_armcm4.o(.ARM.exidx.text.SystemInit), (8 bytes).

29 unused section(s) (total 266 bytes) removed from the image.

==============================================================================

Image Symbol Table

    Local Symbols

    Symbol Name                              Value     Ov Type        Size  Object(Section)

    ../clib/angel/boardlib.s                 0x00000000   Number         0  boardinit1.o ABSOLUTE
    ../clib/angel/boardlib.s                 0x00000000   Number         0  boardinit2.o ABSOLUTE
    ../clib/angel/boardlib.s                 0x00000000   Number         0  boardinit3.o ABSOLUTE
    ../clib/angel/boardlib.s                 0x00000000   Number         0  boardshut.o ABSOLUTE
    ../clib/angel/handlers.s                 0x00000000   Number         0  __scatter_copy.o ABSOLUTE
    ../clib/angel/handlers.s                 0x00000000   Number         0  __scatter_zi.o ABSOLUTE
    ../clib/angel/kernel.s                   0x00000000   Number         0  __rtentry.o ABSOLUTE
    ../clib/angel/kernel.s                   0x00000000   Number         0  __rtentry2.o ABSOLUTE
    ../clib/angel/kernel.s                   0x00000000   Number         0  __rtentry4.o ABSOLUTE
    ../clib/angel/kernel.s                   0x00000000   Number         0  __rtentry7.o ABSOLUTE
    ../clib/angel/kernel.s                   0x00000000   Number         0  rtexit.o ABSOLUTE
    ../clib/angel/kernel.s                   0x00000000   Number         0  rtexit2.o ABSOLUTE
    ../clib/angel/rt.s                       0x00000000   Number         0  rt_raise.o ABSOLUTE
    ../clib/angel/rt.s                       0x00000000   Number         0  rt_heap_descriptor.o ABSOLUTE
    ../clib/angel/rt.s                       0x00000000   Number         0  rt_heap_descriptor_intlibspace.o ABSOLUTE
    ../clib/angel/rt.s                       0x00000000   Number         0  rt_errno_addr.o ABSOLUTE
    ../clib/angel/rt.s                       0x00000000   Number         0  rt_errno_addr_intlibspace.o ABSOLUTE
    ../clib/angel/scatter.s                  0x00000000   Number         0  __scatter.o ABSOLUTE
    ../clib/angel/startup.s                  0x00000000   Number         0  __main.o ABSOLUTE
    ../clib/angel/sys.s                      0x00000000   Number         0  mutex_dummy.o ABSOLUTE
    ../clib/angel/sys.s                      0x00000000   Number         0  sys_stackheap_outer.o ABSOLUTE
    ../clib/angel/sys.s                      0x00000000   Number         0  libspace.o ABSOLUTE
    ../clib/angel/sys.s                      0x00000000   Number         0  sys_stackheap.o ABSOLUTE
    ../clib/angel/sys.s                      0x00000000   Number         0  sys_stackheap_hlt.o ABSOLUTE
    ../clib/angel/sys.s                      0x00000000   Number         0  use_no_semi.o ABSOLUTE
    ../clib/angel/sys.s                      0x00000000   Number         0  indicate_semi.o ABSOLUTE
    ../clib/angel/sysapp.c                   0x00000000   Number         0  sys_command.o ABSOLUTE
    ../clib/angel/sysapp.c                   0x00000000   Number         0  sys_exit.o ABSOLUTE
    ../clib/angel/sysapp.c                   0x00000000   Number         0  sys_command_hlt.o ABSOLUTE
    ../clib/angel/sysapp.c                   0x00000000   Number         0  sys_exit_hlt.o ABSOLUTE
    ../clib/angel/sysapp.c                   0x00000000   Number         0  sys_wrch.o ABSOLUTE
    ../clib/angel/sysapp.c                   0x00000000   Number         0  sys_wrch_hlt.o ABSOLUTE
    ../clib/armsys.c                         0x00000000   Number         0  _get_argv.o ABSOLUTE
    ../clib/armsys.c                         0x00000000   Number         0  argv_veneer.o ABSOLUTE
    ../clib/armsys.c                         0x00000000   Number         0  argv_veneer.o ABSOLUTE
    ../clib/armsys.c                         0x00000000   Number         0  _get_argv_nomalloc.o ABSOLUTE
    ../clib/armsys.c                         0x00000000   Number         0  no_argv.o ABSOLUTE
    ../clib/assert.c                         0x00000000   Number         0  assert_stdio.o ABSOLUTE
    ../clib/heap1.c                          0x00000000   Number         0  h1_alloc.o ABSOLUTE
    ../clib/heap1.c                          0x00000000   Number         0  h1_free.o ABSOLUTE
    ../clib/heap1.c                          0x00000000   Number         0  h1_alloc_threads.o ABSOLUTE
    ../clib/heap1.c                          0x00000000   Number         0  h1_free_threads.o ABSOLUTE
    ../clib/heap1.c                          0x00000000   Number         0  h1_init.o ABSOLUTE
    ../clib/heap1.c                          0x00000000   Number         0  h1_init_threads.o ABSOLUTE
    ../clib/heap1.c                          0x00000000   Number         0  h1_extend.o ABSOLUTE
    ../clib/heap1.c                          0x00000000   Number         0  h1_extend_threads.o ABSOLUTE
    ../clib/heap1.c                          0x00000000   Number         0  h1_final.o ABSOLUTE
    ../clib/heap1.c                          0x00000000   Number         0  h1_final_threads.o ABSOLUTE
    ../clib/heap2.c                          0x00000000   Number         0  heap2.o ABSOLUTE
    ../clib/heap2.c                          0x00000000   Number         0  heap2_threads.o ABSOLUTE
    ../clib/heap2.c                          0x00000000   Number         0  fdtree.o ABSOLUTE
    ../clib/heapalloc.c                      0x00000000   Number         0  malloc.o ABSOLUTE
    ../clib/heapalloc.c                      0x00000000   Number         0  free.o ABSOLUTE
    ../clib/heapalloc.c                      0x00000000   Number         0  hguard.o ABSOLUTE
    ../clib/heapalloc.c                      0x00000000   Number         0  init_alloc.o ABSOLUTE
    ../clib/heapalloc.c                      0x00000000   Number         0  heapstubs.o ABSOLUTE
    ../clib/heapalloc.c                      0x00000000   Number         0  hrguard.o ABSOLUTE
    ../clib/heapalloc.c                      0x00000000   Number         0  term_alloc.o ABSOLUTE
    ../clib/heapaux.c                        0x00000000   Number         0  heapauxa.o ABSOLUTE
    ../clib/heapaux.c                        0x00000000   Number         0  heapauxi.o ABSOLUTE
    ../clib/libinit.s                        0x00000000   Number         0  libinit.o ABSOLUTE
    ../clib/libinit.s                        0x00000000   Number         0  libinit2.o ABSOLUTE
    ../clib/libinit.s                        0x00000000   Number         0  libshutdown2.o ABSOLUTE
    ../clib/libinit.s                        0x00000000   Number         0  libinit5.o ABSOLUTE
    ../clib/libinit.s                        0x00000000   Number         0  libshutdown.o ABSOLUTE
    ../clib/maybe.s                          0x00000000   Number         0  maybetermalloc1.o ABSOLUTE
    ../clib/maybe.s                          0x00000000   Number         0  maybetermalloc2.o ABSOLUTE
    ../clib/memcpset.s                       0x00000000   Number         0  strcmpv7em.o ABSOLUTE
    ../clib/memcpset.s                       0x00000000   Number         0  rt_memclr_w.o ABSOLUTE
    ../clib/memcpset.s                       0x00000000   Number         0  rt_memcpy_v6.o ABSOLUTE
    ../clib/memcpset.s                       0x00000000   Number         0  rt_memcpy_w.o ABSOLUTE
    ../clib/printf.c                         0x00000000   Number         0  __2printf.o ABSOLUTE
    ../clib/printf.c                         0x00000000   Number         0  noretval__2printf.o ABSOLUTE
    ../clib/printf.c                         0x00000000   Number         0  __printf.o ABSOLUTE
    ../clib/printf.c                         0x00000000   Number         0  _printf_dec.o ABSOLUTE
    ../clib/printf.c                         0x00000000   Number         0  __printf_flags.o ABSOLUTE
    ../clib/printf.c                         0x00000000   Number         0  __printf_ss.o ABSOLUTE
    ../clib/printf.c                         0x00000000   Number         0  __printf_flags_ss.o ABSOLUTE
    ../clib/printf.c                         0x00000000   Number         0  __printf_wp.o ABSOLUTE
    ../clib/printf.c                         0x00000000   Number         0  __printf_flags_wp.o ABSOLUTE
    ../clib/printf.c                         0x00000000   Number         0  __printf_ss_wp.o ABSOLUTE
    ../clib/printf.c                         0x00000000   Number         0  __printf_flags_ss_wp.o ABSOLUTE
    ../clib/printf.c                         0x00000000   Number         0  _printf_intcommon.o ABSOLUTE
    ../clib/printf.c                         0x00000000   Number         0  _printf_char_file.o ABSOLUTE
    ../clib/printf.c                         0x00000000   Number         0  _printf_char_common.o ABSOLUTE
    ../clib/printf.c                         0x00000000   Number         0  __printf_nopercent.o ABSOLUTE
    ../clib/printf.c                         0x00000000   Number         0  _printf_char_file_locked.o ABSOLUTE
    ../clib/printf_percent.s                 0x00000000   Number         0  _printf_d.o ABSOLUTE
    ../clib/printf_percent.s                 0x00000000   Number         0  _printf_percent.o ABSOLUTE
    ../clib/printf_percent.s                 0x00000000   Number         0  _printf_percent_end.o ABSOLUTE
    ../clib/signal.c                         0x00000000   Number         0  defsig_rtred_outer.o ABSOLUTE
    ../clib/signal.c                         0x00000000   Number         0  defsig_rtred_formal.o ABSOLUTE
    ../clib/signal.c                         0x00000000   Number         0  defsig_exit.o ABSOLUTE
    ../clib/signal.c                         0x00000000   Number         0  defsig_rtred_inner.o ABSOLUTE
    ../clib/signal.c                         0x00000000   Number         0  __raise.o ABSOLUTE
    ../clib/signal.c                         0x00000000   Number         0  defsig_general.o ABSOLUTE
    ../clib/signal.c                         0x00000000   Number         0  defsig_rtmem_outer.o ABSOLUTE
    ../clib/signal.c                         0x00000000   Number         0  defsig_rtmem_formal.o ABSOLUTE
    ../clib/signal.c                         0x00000000   Number         0  defsig_rtmem_inner.o ABSOLUTE
    ../clib/signal.c                         0x00000000   Number         0  defsig_abrt_inner.o ABSOLUTE
    ../clib/signal.c                         0x00000000   Number         0  defsig_fpe_inner.o ABSOLUTE
    ../clib/signal.c                         0x00000000   Number         0  defsig_stak_inner.o ABSOLUTE
    ../clib/signal.c                         0x00000000   Number         0  defsig_pvfn_inner.o ABSOLUTE
    ../clib/signal.c                         0x00000000   Number         0  defsig_cppl_inner.o ABSOLUTE
    ../clib/signal.c                         0x00000000   Number         0  defsig_segv_inner.o ABSOLUTE
    ../clib/signal.c                         0x00000000   Number         0  defsig_other.o ABSOLUTE
    ../clib/signal.s                         0x00000000   Number         0  defsig.o ABSOLUTE
    ../clib/stdio.c                          0x00000000   Number         0  putchar.o ABSOLUTE
    ../clib/stdio.c                          0x00000000   Number         0  puts.o ABSOLUTE
    ../clib/stdio.c                          0x00000000   Number         0  fputc.o ABSOLUTE
    ../clib/stdio.c                          0x00000000   Number         0  stdio_streams.o ABSOLUTE
    ../clib/stdio.c                          0x00000000   Number         0  fputc_locked.o ABSOLUTE
    ../clib/stdio.c                          0x00000000   Number         0  ferror.o ABSOLUTE
    ../clib/stdio.c                          0x00000000   Number         0  flsbuf.o ABSOLUTE
    ../clib/stdio.c                          0x00000000   Number         0  initio.o ABSOLUTE
    ../clib/stdio.c                          0x00000000   Number         0  ferror_locked.o ABSOLUTE
    ../clib/stdio.c                          0x00000000   Number         0  initio_locked.o ABSOLUTE
    ../clib/stdio.c                          0x00000000   Number         0  setvbuf.o ABSOLUTE
    ../clib/stdio.c                          0x00000000   Number         0  stdio.o ABSOLUTE
    ../clib/stdio.c                          0x00000000   Number         0  fwritefast.o ABSOLUTE
    ../clib/stdio.c                          0x00000000   Number         0  streamlock.o ABSOLUTE
    ../clib/stdio.c                          0x00000000   Number         0  fopen.o ABSOLUTE
    ../clib/stdio.c                          0x00000000   Number         0  fclose.o ABSOLUTE
    ../clib/stdio.c                          0x00000000   Number         0  puts_locked.o ABSOLUTE
    ../clib/stdio.c                          0x00000000   Number         0  setvbuf_locked.o ABSOLUTE
    ../clib/stdio.c                          0x00000000   Number         0  fopen_locked.o ABSOLUTE
    ../clib/stdio.c                          0x00000000   Number         0  fwritefast_locked.o ABSOLUTE
    ../clib/stdio.c                          0x00000000   Number         0  fflush.o ABSOLUTE
    ../clib/stdio.c                          0x00000000   Number         0  fputs.o ABSOLUTE
    ../clib/stdio.c                          0x00000000   Number         0  fseek.o ABSOLUTE
    ../clib/stdio.c                          0x00000000   Number         0  fputs_locked.o ABSOLUTE
    ../clib/stdio.c                          0x00000000   Number         0  fflush_locked.o ABSOLUTE
    ../clib/stdio.c                          0x00000000   Number         0  ftell.o ABSOLUTE
    ../clib/stdlib.c                         0x00000000   Number         0  exit.o ABSOLUTE
    ../clib/wchar.c                          0x00000000   Number         0  flsbuf_fwide.o ABSOLUTE
    ../fplib/fpinit.s                        0x00000000   Number         0  fpinit.o ABSOLUTE
    ../fplib/fpinit_empty.s                  0x00000000   Number         0  fpinit_empty.o ABSOLUTE
    ../matrix.s                              0x00000000   Number         0  matrix.o ABSOLUTE
    __tagsym$$used.0                         0x00000000   Number         0  startup_armcm4.o(RESET)
    dc.s                                     0x00000000   Number         0  dc.o ABSOLUTE
    main.c                                   0x00000000   Number         0  main.o ABSOLUTE
    retarget_io.c                            0x00000000   Number         0  retarget_io.o ABSOLUTE
    startup_ARMCM4.c                         0x00000000   Number         0  startup_armcm4.o ABSOLUTE
    system_ARMCM4.c                          0x00000000   Number         0  system_armcm4.o ABSOLUTE
    !!!main                                  0x000003c0   Section        8  __main.o(!!!main)
    !!!scatter                               0x000003c8   Section       52  __scatter.o(!!!scatter)
    !!handler_copy                           0x000003fc   Section       26  __scatter_copy.o(!!handler_copy)
    !!handler_zi                             0x00000418   Section       28  __scatter_zi.o(!!handler_zi)
    .ARM.Collect$$_printf_percent$$00000000  0x00000434   Section        0  _printf_percent.o(.ARM.Collect$$_printf_percent$$00000000)
    .ARM.Collect$$_printf_percent$$00000009  0x00000434   Section        6  _printf_d.o(.ARM.Collect$$_printf_percent$$00000009)
    .ARM.Collect$$_printf_percent$$00000017  0x0000043a   Section        4  _printf_percent_end.o(.ARM.Collect$$_printf_percent$$00000017)
    .ARM.Collect$$libinit$$00000000          0x0000043e   Section        2  libinit.o(.ARM.Collect$$libinit$$00000000)
    .ARM.Collect$$libinit$$00000002          0x00000440   Section        0  libinit2.o(.ARM.Collect$$libinit$$00000002)
    .ARM.Collect$$libinit$$00000004          0x00000440   Section        0  libinit2.o(.ARM.Collect$$libinit$$00000004)
    .ARM.Collect$$libinit$$00000008          0x00000440   Section        8  libinit5.o(.ARM.Collect$$libinit$$00000008)
    .ARM.Collect$$libinit$$0000000A          0x00000448   Section        0  libinit2.o(.ARM.Collect$$libinit$$0000000A)
    .ARM.Collect$$libinit$$0000000C          0x00000448   Section        0  libinit2.o(.ARM.Collect$$libinit$$0000000C)
    .ARM.Collect$$libinit$$0000000E          0x00000448   Section        0  libinit2.o(.ARM.Collect$$libinit$$0000000E)
    .ARM.Collect$$libinit$$00000011          0x00000448   Section        0  libinit2.o(.ARM.Collect$$libinit$$00000011)
    .ARM.Collect$$libinit$$00000013          0x00000448   Section        0  libinit2.o(.ARM.Collect$$libinit$$00000013)
    .ARM.Collect$$libinit$$00000015          0x00000448   Section        0  libinit2.o(.ARM.Collect$$libinit$$00000015)
    .ARM.Collect$$libinit$$00000017          0x00000448   Section        0  libinit2.o(.ARM.Collect$$libinit$$00000017)
    .ARM.Collect$$libinit$$00000019          0x00000448   Section        0  libinit2.o(.ARM.Collect$$libinit$$00000019)
    .ARM.Collect$$libinit$$0000001B          0x00000448   Section        0  libinit2.o(.ARM.Collect$$libinit$$0000001B)
    .ARM.Collect$$libinit$$0000001D          0x00000448   Section        0  libinit2.o(.ARM.Collect$$libinit$$0000001D)
    .ARM.Collect$$libinit$$0000001F          0x00000448   Section        0  libinit2.o(.ARM.Collect$$libinit$$0000001F)
    .ARM.Collect$$libinit$$00000021          0x00000448   Section        0  libinit2.o(.ARM.Collect$$libinit$$00000021)
    .ARM.Collect$$libinit$$00000023          0x00000448   Section        0  libinit2.o(.ARM.Collect$$libinit$$00000023)
    .ARM.Collect$$libinit$$00000024          0x00000448   Section        4  libinit2.o(.ARM.Collect$$libinit$$00000024)
    .ARM.Collect$$libinit$$00000025          0x0000044c   Section        0  libinit2.o(.ARM.Collect$$libinit$$00000025)
    .ARM.Collect$$libinit$$0000002C          0x0000044c   Section        0  libinit2.o(.ARM.Collect$$libinit$$0000002C)
    .ARM.Collect$$libinit$$0000002E          0x0000044c   Section        0  libinit2.o(.ARM.Collect$$libinit$$0000002E)
    .ARM.Collect$$libinit$$00000030          0x0000044c   Section        0  libinit2.o(.ARM.Collect$$libinit$$00000030)
    .ARM.Collect$$libinit$$00000032          0x0000044c   Section        0  libinit2.o(.ARM.Collect$$libinit$$00000032)
    .ARM.Collect$$libinit$$00000033          0x0000044c   Section        2  libinit2.o(.ARM.Collect$$libinit$$00000033)
    __lit__00000000                          0x00000450   Data           4  libinit5.o(.ARM.Collect$$libinit$$00002719)
    .ARM.Collect$$libinit$$00002719          0x00000450   Section        8  libinit5.o(.ARM.Collect$$libinit$$00002719)
    __lit__00000001                          0x00000454   Data           4  libinit5.o(.ARM.Collect$$libinit$$00002719)
    .ARM.Collect$$libshutdown$$00000000      0x00000458   Section        2  libshutdown.o(.ARM.Collect$$libshutdown$$00000000)
    .ARM.Collect$$libshutdown$$00000002      0x0000045a   Section        0  libshutdown2.o(.ARM.Collect$$libshutdown$$00000002)
    .ARM.Collect$$libshutdown$$00000003      0x0000045a   Section        4  libshutdown2.o(.ARM.Collect$$libshutdown$$00000003)
    .ARM.Collect$$libshutdown$$00000004      0x0000045e   Section        0  libshutdown2.o(.ARM.Collect$$libshutdown$$00000004)
    .ARM.Collect$$libshutdown$$00000007      0x0000045e   Section        0  libshutdown2.o(.ARM.Collect$$libshutdown$$00000007)
    .ARM.Collect$$libshutdown$$0000000A      0x0000045e   Section        0  libshutdown2.o(.ARM.Collect$$libshutdown$$0000000A)
    .ARM.Collect$$libshutdown$$0000000C      0x0000045e   Section        0  libshutdown2.o(.ARM.Collect$$libshutdown$$0000000C)
    .ARM.Collect$$libshutdown$$0000000F      0x0000045e   Section        0  libshutdown2.o(.ARM.Collect$$libshutdown$$0000000F)
    .ARM.Collect$$libshutdown$$00000010      0x0000045e   Section        2  libshutdown2.o(.ARM.Collect$$libshutdown$$00000010)
    .ARM.Collect$$rtentry$$00000000          0x00000460   Section        0  __rtentry.o(.ARM.Collect$$rtentry$$00000000)
    .ARM.Collect$$rtentry$$00000002          0x00000460   Section        0  __rtentry2.o(.ARM.Collect$$rtentry$$00000002)
    .ARM.Collect$$rtentry$$00000007          0x00000460   Section        4  __rtentry7.o(.ARM.Collect$$rtentry$$00000007)
    .ARM.Collect$$rtentry$$00000009          0x00000464   Section        0  __rtentry2.o(.ARM.Collect$$rtentry$$00000009)
    .ARM.Collect$$rtentry$$0000000A          0x00000464   Section        4  __rtentry2.o(.ARM.Collect$$rtentry$$0000000A)
    .ARM.Collect$$rtentry$$0000000C          0x00000468   Section        0  __rtentry2.o(.ARM.Collect$$rtentry$$0000000C)
    .ARM.Collect$$rtentry$$0000000D          0x00000468   Section        8  __rtentry2.o(.ARM.Collect$$rtentry$$0000000D)
    __lit__00000000                          0x00000470   Data           4  __rtentry7.o(.ARM.Collect$$rtentry$$00002718)
    .ARM.Collect$$rtentry$$00002718          0x00000470   Section        4  __rtentry7.o(.ARM.Collect$$rtentry$$00002718)
    .ARM.Collect$$rtexit$$00000000           0x00000474   Section        2  rtexit.o(.ARM.Collect$$rtexit$$00000000)
    .ARM.Collect$$rtexit$$00000002           0x00000476   Section        0  rtexit2.o(.ARM.Collect$$rtexit$$00000002)
    .ARM.Collect$$rtexit$$00000003           0x00000476   Section        4  rtexit2.o(.ARM.Collect$$rtexit$$00000003)
    .ARM.Collect$$rtexit$$00000004           0x0000047a   Section        6  rtexit2.o(.ARM.Collect$$rtexit$$00000004)
    .text                                    0x00000480   Section        0  noretval__2printf.o(.text)
    .text                                    0x00000498   Section        0  __printf.o(.text)
    .text                                    0x00000500   Section        0  _printf_dec.o(.text)
    .text                                    0x00000578   Section        0  putchar.o(.text)
    .text                                    0x00000584   Section        0  puts.o(.text)
    .text                                    0x000005b0   Section      124  strcmpv7em.o(.text)
    .text                                    0x0000062c   Section        0  _printf_intcommon.o(.text)
    .text                                    0x000006e0   Section        0  _printf_char_file.o(.text)
    _printf_input_char                       0x00000705   Thumb Code    10  _printf_char_common.o(.text)
    .text                                    0x00000704   Section        0  _printf_char_common.o(.text)
    .text                                    0x00000734   Section        0  ferror.o(.text)
    .text                                    0x0000073c   Section        0  flsbuf.o(.text)
    .text                                    0x00000914   Section        0  initio.o(.text)
    .text                                    0x00000a4c   Section        0  h1_alloc.o(.text)
    .text                                    0x00000aaa   Section        0  h1_free.o(.text)
    .text                                    0x00000af8   Section        0  setvbuf.o(.text)
    .text                                    0x00000b40   Section        0  stdio.o(.text)
    _freopen_locked                          0x00000c31   Thumb Code     0  fopen.o(.text)
    .text                                    0x00000c30   Section        0  fopen.o(.text)
    .text                                    0x00000d20   Section        0  fclose.o(.text)
    .text                                    0x00000d6c   Section        0  exit.o(.text)
    .text                                    0x00000d7e   Section        0  defsig_rtred_outer.o(.text)
    .text                                    0x00000d8c   Section       78  rt_memclr_w.o(.text)
    .text                                    0x00000ddc   Section        8  rt_heap_descriptor_intlibspace.o(.text)
    .text                                    0x00000de4   Section        0  hguard.o(.text)
    .text                                    0x00000de8   Section        0  init_alloc.o(.text)
    .text                                    0x00000e72   Section        0  h1_init.o(.text)
    .text                                    0x00000e80   Section        0  fseek.o(.text)
    .text                                    0x00000f78   Section        0  defsig_exit.o(.text)
    .text                                    0x00000f84   Section        0  defsig_rtred_inner.o(.text)
    .text                                    0x00000fb8   Section        0  sys_exit.o(.text)
    .text                                    0x00000fc4   Section        2  use_no_semi.o(.text)
    .text                                    0x00000fc6   Section        0  indicate_semi.o(.text)
    .text                                    0x00000fc6   Section        0  maybetermalloc1.o(.text)
    .text                                    0x00000fc6   Section        0  h1_extend.o(.text)
    .text                                    0x00000ffa   Section        0  ftell.o(.text)
    .text                                    0x0000103c   Section        0  defsig_general.o(.text)
    .text                                    0x0000106e   Section        0  defsig_rtmem_outer.o(.text)
    .text                                    0x0000107c   Section        0  sys_wrch.o(.text)
    .text                                    0x0000108c   Section        8  rt_errno_addr_intlibspace.o(.text)
    .text                                    0x00001094   Section        0  defsig_rtmem_inner.o(.text)
    [Anonymous Symbol]                       0x000010e4   Section        0  startup_armcm4.o(.text.Default_Handler)
    [Anonymous Symbol]                       0x000010e8   Section        0  startup_armcm4.o(.text.HardFault_Handler)
    [Anonymous Symbol]                       0x000010ec   Section        0  retarget_io.o(.text.ITM_SendChar)
    [Anonymous Symbol]                       0x0000111c   Section        0  startup_armcm4.o(.text.Reset_Handler)
    [Anonymous Symbol]                       0x00001124   Section        0  system_armcm4.o(.text.SystemInit)
    [Anonymous Symbol]                       0x0000114c   Section        0  retarget_io.o(.text._sys_close)
    [Anonymous Symbol]                       0x00001160   Section        0  retarget_io.o(.text._sys_flen)
    [Anonymous Symbol]                       0x00001164   Section        0  retarget_io.o(.text._sys_istty)
    [Anonymous Symbol]                       0x00001174   Section        0  retarget_io.o(.text._sys_open)
    [Anonymous Symbol]                       0x000011d8   Section        0  retarget_io.o(.text._sys_seek)
    [Anonymous Symbol]                       0x000011e0   Section        0  retarget_io.o(.text._sys_write)
    [Anonymous Symbol]                       0x00001224   Section        0  main.o(.text.main)
    [Anonymous Symbol]                       0x000012bc   Section        0  main.o(.text.print_matrix)
    stderr_putchar                           0x00001315   Thumb Code     8  retarget_io.o(.text.stderr_putchar)
    [Anonymous Symbol]                       0x00001314   Section        0  retarget_io.o(.text.stderr_putchar)
    stdout_putchar                           0x0000131d   Thumb Code     8  retarget_io.o(.text.stdout_putchar)
    [Anonymous Symbol]                       0x0000131c   Section        0  retarget_io.o(.text.stdout_putchar)
    i.fputc                                  0x00001324   Section        0  fputc.o(i.fputc)
    program                                  0x00001340   Section      166  matrix.o(program)
    .L__const.main.results_matrix            0x000013e8   Data          12  main.o(.rodata..L__const.main.results_matrix)
    .L__const.main.source_matrix1            0x000013f4   Data          12  main.o(.rodata..L__const.main.source_matrix1)
    .L__const.main.source_matrix2            0x00001400   Data          12  main.o(.rodata..L__const.main.source_matrix2)
    SOURCE_MATRIX1_DATA                      0x0000140c   Data          56  main.o(.rodata.SOURCE_MATRIX1_DATA)
    [Anonymous Symbol]                       0x0000140c   Section        0  main.o(.rodata.SOURCE_MATRIX1_DATA)
    SOURCE_MATRIX2_DATA                      0x00001444   Data          84  main.o(.rodata.SOURCE_MATRIX2_DATA)
    [Anonymous Symbol]                       0x00001444   Section        0  main.o(.rodata.SOURCE_MATRIX2_DATA)
    .data                                    0x20000000   Section        4  stdio_streams.o(.data)
    .data                                    0x20000004   Section        4  stdio_streams.o(.data)
    .data                                    0x20000008   Section        4  stdio_streams.o(.data)
    .bss                                     0x20000010   Section       84  stdio_streams.o(.bss)
    .bss                                     0x20000064   Section       84  stdio_streams.o(.bss)
    .bss                                     0x200000b8   Section       84  stdio_streams.o(.bss)
    .bss                                     0x2000010c   Section       96  libspace.o(.bss)
    results_matrix_data                      0x2000016c   Data          24  main.o(.bss.results_matrix_data)
    [Anonymous Symbol]                       0x2000016c   Section        0  main.o(.bss.results_matrix_data)

    Global Symbols

    Symbol Name                              Value     Ov Type        Size  Object(Section)

    BuildAttributes$$THM_ISAv4$E$P$D$K$B$S$7EM$PE$A:L22UL41UL21$X:L11$S22US41US21$IEEE1$IW$~IW$USESV6$~STKCKD$USESV7$~SHL$OTIME$ROPI$EBA8$UX$STANDARDLIB$REQ8$EABIv2 0x00000000   Number         0  anon$$obj.o ABSOLUTE
    __Vectors                                0x00000000   Data         960  startup_armcm4.o(RESET)
    __fp_init_empty                          0x00000000   Number         0  fpinit_empty.o ABSOLUTE
    Image$$ZI$$Limit                          - Undefined Weak Reference
    __ARM_exceptions_init                     - Undefined Weak Reference
    __alloca_initialize                       - Undefined Weak Reference
    __arm_preinit_                            - Undefined Weak Reference
    __cpp_initialize__aeabi_                  - Undefined Weak Reference
    __cxa_finalize                            - Undefined Weak Reference
    __rt_locale                               - Undefined Weak Reference
    __sigvec_lookup                           - Undefined Weak Reference
    __user_heap_extent                        - Undefined Weak Reference
    _atexit_init                              - Undefined Weak Reference
    _call_atexit_fns                          - Undefined Weak Reference
    _clock_init                               - Undefined Weak Reference
    _fp_trap_init                             - Undefined Weak Reference
    _fp_trap_shutdown                         - Undefined Weak Reference
    _get_lc_collate                           - Undefined Weak Reference
    _get_lc_ctype                             - Undefined Weak Reference
    _get_lc_monetary                          - Undefined Weak Reference
    _get_lc_numeric                           - Undefined Weak Reference
    _get_lc_time                              - Undefined Weak Reference
    _getenv_init                              - Undefined Weak Reference
    _handle_redirection                       - Undefined Weak Reference
    _mutex_acquire                            - Undefined Weak Reference
    _mutex_free                               - Undefined Weak Reference
    _mutex_release                            - Undefined Weak Reference
    _printf_post_padding                      - Undefined Weak Reference
    _printf_pre_padding                       - Undefined Weak Reference
    _printf_truncate_signed                   - Undefined Weak Reference
    _printf_truncate_unsigned                 - Undefined Weak Reference
    _rand_init                                - Undefined Weak Reference
    _signal_finish                            - Undefined Weak Reference
    _signal_init                              - Undefined Weak Reference
    __main                                   0x000003c1   Thumb Code     8  __main.o(!!!main)
    __scatterload                            0x000003c9   Thumb Code     0  __scatter.o(!!!scatter)
    __scatterload_rt2                        0x000003c9   Thumb Code    44  __scatter.o(!!!scatter)
    __scatterload_rt2_thumb_only             0x000003c9   Thumb Code     0  __scatter.o(!!!scatter)
    __scatterload_null                       0x000003d7   Thumb Code     0  __scatter.o(!!!scatter)
    __scatterload_copy                       0x000003fd   Thumb Code    26  __scatter_copy.o(!!handler_copy)
    __scatterload_zeroinit                   0x00000419   Thumb Code    28  __scatter_zi.o(!!handler_zi)
    _printf_d                                0x00000435   Thumb Code     0  _printf_d.o(.ARM.Collect$$_printf_percent$$00000009)
    _printf_percent                          0x00000435   Thumb Code     0  _printf_percent.o(.ARM.Collect$$_printf_percent$$00000000)
    _printf_percent_end                      0x0000043b   Thumb Code     0  _printf_percent_end.o(.ARM.Collect$$_printf_percent$$00000017)
    __rt_lib_init                            0x0000043f   Thumb Code     0  libinit.o(.ARM.Collect$$libinit$$00000000)
    __rt_lib_init_fp_1                       0x00000441   Thumb Code     0  libinit2.o(.ARM.Collect$$libinit$$00000002)
    __rt_lib_init_heap_2                     0x00000441   Thumb Code     0  libinit5.o(.ARM.Collect$$libinit$$00000008)
    __rt_lib_init_preinit_1                  0x00000441   Thumb Code     0  libinit2.o(.ARM.Collect$$libinit$$00000004)
    __rt_lib_init_atexit_1                   0x00000449   Thumb Code     0  libinit2.o(.ARM.Collect$$libinit$$0000001B)
    __rt_lib_init_clock_1                    0x00000449   Thumb Code     0  libinit2.o(.ARM.Collect$$libinit$$00000021)
    __rt_lib_init_fp_trap_1                  0x00000449   Thumb Code     0  libinit2.o(.ARM.Collect$$libinit$$0000001F)
    __rt_lib_init_getenv_1                   0x00000449   Thumb Code     0  libinit2.o(.ARM.Collect$$libinit$$00000023)
    __rt_lib_init_heap_1                     0x00000449   Thumb Code     0  libinit2.o(.ARM.Collect$$libinit$$0000000A)
    __rt_lib_init_lc_collate_1               0x00000449   Thumb Code     0  libinit2.o(.ARM.Collect$$libinit$$00000011)
    __rt_lib_init_lc_ctype_1                 0x00000449   Thumb Code     0  libinit2.o(.ARM.Collect$$libinit$$00000013)
    __rt_lib_init_lc_monetary_1              0x00000449   Thumb Code     0  libinit2.o(.ARM.Collect$$libinit$$00000015)
    __rt_lib_init_lc_numeric_1               0x00000449   Thumb Code     0  libinit2.o(.ARM.Collect$$libinit$$00000017)
    __rt_lib_init_lc_time_1                  0x00000449   Thumb Code     0  libinit2.o(.ARM.Collect$$libinit$$00000019)
    __rt_lib_init_rand_1                     0x00000449   Thumb Code     0  libinit2.o(.ARM.Collect$$libinit$$0000000E)
    __rt_lib_init_signal_1                   0x00000449   Thumb Code     0  libinit2.o(.ARM.Collect$$libinit$$0000001D)
    __rt_lib_init_stdio_2                    0x00000449   Thumb Code     0  libinit2.o(.ARM.Collect$$libinit$$00000024)
    __rt_lib_init_user_alloc_1               0x00000449   Thumb Code     0  libinit2.o(.ARM.Collect$$libinit$$0000000C)
    __rt_lib_init_alloca_1                   0x0000044d   Thumb Code     0  libinit2.o(.ARM.Collect$$libinit$$0000002E)
    __rt_lib_init_argv_1                     0x0000044d   Thumb Code     0  libinit2.o(.ARM.Collect$$libinit$$0000002C)
    __rt_lib_init_cpp_1                      0x0000044d   Thumb Code     0  libinit2.o(.ARM.Collect$$libinit$$00000032)
    __rt_lib_init_exceptions_1               0x0000044d   Thumb Code     0  libinit2.o(.ARM.Collect$$libinit$$00000030)
    __rt_lib_init_return                     0x0000044d   Thumb Code     0  libinit2.o(.ARM.Collect$$libinit$$00000033)
    __rt_lib_init_stdio_1                    0x0000044d   Thumb Code     0  libinit2.o(.ARM.Collect$$libinit$$00000025)
    __rt_lib_shutdown                        0x00000459   Thumb Code     0  libshutdown.o(.ARM.Collect$$libshutdown$$00000000)
    __rt_lib_shutdown_cpp_1                  0x0000045b   Thumb Code     0  libshutdown2.o(.ARM.Collect$$libshutdown$$00000002)
    __rt_lib_shutdown_stdio_2                0x0000045b   Thumb Code     0  libshutdown2.o(.ARM.Collect$$libshutdown$$00000003)
    __rt_lib_shutdown_fp_trap_1              0x0000045f   Thumb Code     0  libshutdown2.o(.ARM.Collect$$libshutdown$$00000007)
    __rt_lib_shutdown_heap_1                 0x0000045f   Thumb Code     0  libshutdown2.o(.ARM.Collect$$libshutdown$$0000000F)
    __rt_lib_shutdown_return                 0x0000045f   Thumb Code     0  libshutdown2.o(.ARM.Collect$$libshutdown$$00000010)
    __rt_lib_shutdown_signal_1               0x0000045f   Thumb Code     0  libshutdown2.o(.ARM.Collect$$libshutdown$$0000000A)
    __rt_lib_shutdown_stdio_1                0x0000045f   Thumb Code     0  libshutdown2.o(.ARM.Collect$$libshutdown$$00000004)
    __rt_lib_shutdown_user_alloc_1           0x0000045f   Thumb Code     0  libshutdown2.o(.ARM.Collect$$libshutdown$$0000000C)
    __rt_entry                               0x00000461   Thumb Code     0  __rtentry.o(.ARM.Collect$$rtentry$$00000000)
    __rt_entry_presh_1                       0x00000461   Thumb Code     0  __rtentry2.o(.ARM.Collect$$rtentry$$00000002)
    __rt_entry_sh                            0x00000461   Thumb Code     0  __rtentry7.o(.ARM.Collect$$rtentry$$00000007)
    __rt_entry_li                            0x00000465   Thumb Code     0  __rtentry2.o(.ARM.Collect$$rtentry$$0000000A)
    __rt_entry_postsh_1                      0x00000465   Thumb Code     0  __rtentry2.o(.ARM.Collect$$rtentry$$00000009)
    __rt_entry_main                          0x00000469   Thumb Code     0  __rtentry2.o(.ARM.Collect$$rtentry$$0000000D)
    __rt_entry_postli_1                      0x00000469   Thumb Code     0  __rtentry2.o(.ARM.Collect$$rtentry$$0000000C)
    __rt_exit                                0x00000475   Thumb Code     0  rtexit.o(.ARM.Collect$$rtexit$$00000000)
    __rt_exit_ls                             0x00000477   Thumb Code     0  rtexit2.o(.ARM.Collect$$rtexit$$00000003)
    __rt_exit_prels_1                        0x00000477   Thumb Code     0  rtexit2.o(.ARM.Collect$$rtexit$$00000002)
    __rt_exit_exit                           0x0000047b   Thumb Code     0  rtexit2.o(.ARM.Collect$$rtexit$$00000004)
    __2printf                                0x00000481   Thumb Code    20  noretval__2printf.o(.text)
    __printf                                 0x00000499   Thumb Code   104  __printf.o(.text)
    _printf_int_dec                          0x00000501   Thumb Code   104  _printf_dec.o(.text)
    putchar                                  0x00000579   Thumb Code     6  putchar.o(.text)
    puts                                     0x00000585   Thumb Code    40  puts.o(.text)
    strcmp                                   0x000005b1   Thumb Code   124  strcmpv7em.o(.text)
    _printf_int_common                       0x0000062d   Thumb Code   178  _printf_intcommon.o(.text)
    _printf_char_file                        0x000006e1   Thumb Code    32  _printf_char_file.o(.text)
    _printf_char_common                      0x0000070f   Thumb Code    32  _printf_char_common.o(.text)
    ferror                                   0x00000735   Thumb Code     8  ferror.o(.text)
    __flsbuf                                 0x0000073d   Thumb Code   470  flsbuf.o(.text)
    __flsbuf_byte                            0x0000073d   Thumb Code     0  flsbuf.o(.text)
    __flsbuf_wide                            0x0000073d   Thumb Code     0  flsbuf.o(.text)
    _initio                                  0x00000915   Thumb Code   210  initio.o(.text)
    _terminateio                             0x000009e7   Thumb Code    56  initio.o(.text)
    malloc                                   0x00000a4d   Thumb Code    94  h1_alloc.o(.text)
    free                                     0x00000aab   Thumb Code    78  h1_free.o(.text)
    setvbuf                                  0x00000af9   Thumb Code    70  setvbuf.o(.text)
    _seterr                                  0x00000b41   Thumb Code    20  stdio.o(.text)
    _writebuf                                0x00000b55   Thumb Code    84  stdio.o(.text)
    _fflush                                  0x00000ba9   Thumb Code    70  stdio.o(.text)
    _deferredlazyseek                        0x00000bef   Thumb Code    60  stdio.o(.text)
    freopen                                  0x00000c31   Thumb Code   160  fopen.o(.text)
    fopen                                    0x00000cd1   Thumb Code    74  fopen.o(.text)
    _fclose_internal                         0x00000d21   Thumb Code    76  fclose.o(.text)
    fclose                                   0x00000d21   Thumb Code     0  fclose.o(.text)
    exit                                     0x00000d6d   Thumb Code    18  exit.o(.text)
    __rt_SIGRTRED                            0x00000d7f   Thumb Code    14  defsig_rtred_outer.o(.text)
    __aeabi_memclr4                          0x00000d8d   Thumb Code     0  rt_memclr_w.o(.text)
    __aeabi_memclr8                          0x00000d8d   Thumb Code     0  rt_memclr_w.o(.text)
    __rt_memclr_w                            0x00000d8d   Thumb Code     0  rt_memclr_w.o(.text)
    _memset_w                                0x00000d91   Thumb Code    74  rt_memclr_w.o(.text)
    __rt_heap_descriptor                     0x00000ddd   Thumb Code     8  rt_heap_descriptor_intlibspace.o(.text)
    __use_no_heap                            0x00000de5   Thumb Code     2  hguard.o(.text)
    __heap$guard                             0x00000de7   Thumb Code     2  hguard.o(.text)
    _terminate_user_alloc                    0x00000de9   Thumb Code     2  init_alloc.o(.text)
    _init_user_alloc                         0x00000deb   Thumb Code     2  init_alloc.o(.text)
    __Heap_Full                              0x00000ded   Thumb Code    34  init_alloc.o(.text)
    __Heap_Broken                            0x00000e0f   Thumb Code     6  init_alloc.o(.text)
    _init_alloc                              0x00000e15   Thumb Code    94  init_alloc.o(.text)
    __Heap_Initialize                        0x00000e73   Thumb Code    10  h1_init.o(.text)
    __Heap_DescSize                          0x00000e7d   Thumb Code     4  h1_init.o(.text)
    _fseek                                   0x00000e81   Thumb Code   242  fseek.o(.text)
    fseek                                    0x00000e81   Thumb Code     0  fseek.o(.text)
    __sig_exit                               0x00000f79   Thumb Code    10  defsig_exit.o(.text)
    __rt_SIGRTRED_inner                      0x00000f85   Thumb Code    14  defsig_rtred_inner.o(.text)
    _sys_exit                                0x00000fb9   Thumb Code     8  sys_exit.o(.text)
    __I$use$semihosting                      0x00000fc5   Thumb Code     0  use_no_semi.o(.text)
    __use_no_semihosting_swi                 0x00000fc5   Thumb Code     2  use_no_semi.o(.text)
    __Heap_ProvideMemory                     0x00000fc7   Thumb Code    52  h1_extend.o(.text)
    __semihosting_library_function           0x00000fc7   Thumb Code     0  indicate_semi.o(.text)
    _maybe_terminate_alloc                   0x00000fc7   Thumb Code     0  maybetermalloc1.o(.text)
    _ftell_internal                          0x00000ffb   Thumb Code    66  ftell.o(.text)
    ftell                                    0x00000ffb   Thumb Code     0  ftell.o(.text)
    __default_signal_display                 0x0000103d   Thumb Code    50  defsig_general.o(.text)
    __rt_SIGRTMEM                            0x0000106f   Thumb Code    14  defsig_rtmem_outer.o(.text)
    _ttywrch                                 0x0000107d   Thumb Code    14  sys_wrch.o(.text)
    __aeabi_errno_addr                       0x0000108d   Thumb Code     8  rt_errno_addr_intlibspace.o(.text)
    __errno$intlibspace                      0x0000108d   Thumb Code     0  rt_errno_addr_intlibspace.o(.text)
    __rt_errno_addr$intlibspace              0x0000108d   Thumb Code     0  rt_errno_addr_intlibspace.o(.text)
    __rt_SIGRTMEM_inner                      0x00001095   Thumb Code    22  defsig_rtmem_inner.o(.text)
    BusFault_Handler                         0x000010e5   Thumb Code     2  startup_armcm4.o(.text.Default_Handler)
    DebugMon_Handler                         0x000010e5   Thumb Code     2  startup_armcm4.o(.text.Default_Handler)
    Default_Handler                          0x000010e5   Thumb Code     2  startup_armcm4.o(.text.Default_Handler)
    Interrupt0_Handler                       0x000010e5   Thumb Code     2  startup_armcm4.o(.text.Default_Handler)
    Interrupt1_Handler                       0x000010e5   Thumb Code     2  startup_armcm4.o(.text.Default_Handler)
    Interrupt2_Handler                       0x000010e5   Thumb Code     2  startup_armcm4.o(.text.Default_Handler)
    Interrupt3_Handler                       0x000010e5   Thumb Code     2  startup_armcm4.o(.text.Default_Handler)
    Interrupt4_Handler                       0x000010e5   Thumb Code     2  startup_armcm4.o(.text.Default_Handler)
    Interrupt5_Handler                       0x000010e5   Thumb Code     2  startup_armcm4.o(.text.Default_Handler)
    Interrupt6_Handler                       0x000010e5   Thumb Code     2  startup_armcm4.o(.text.Default_Handler)
    Interrupt7_Handler                       0x000010e5   Thumb Code     2  startup_armcm4.o(.text.Default_Handler)
    Interrupt8_Handler                       0x000010e5   Thumb Code     2  startup_armcm4.o(.text.Default_Handler)
    Interrupt9_Handler                       0x000010e5   Thumb Code     2  startup_armcm4.o(.text.Default_Handler)
    MemManage_Handler                        0x000010e5   Thumb Code     2  startup_armcm4.o(.text.Default_Handler)
    NMI_Handler                              0x000010e5   Thumb Code     2  startup_armcm4.o(.text.Default_Handler)
    PendSV_Handler                           0x000010e5   Thumb Code     2  startup_armcm4.o(.text.Default_Handler)
    SVC_Handler                              0x000010e5   Thumb Code     2  startup_armcm4.o(.text.Default_Handler)
    SysTick_Handler                          0x000010e5   Thumb Code     2  startup_armcm4.o(.text.Default_Handler)
    UsageFault_Handler                       0x000010e5   Thumb Code     2  startup_armcm4.o(.text.Default_Handler)
    HardFault_Handler                        0x000010e9   Thumb Code     2  startup_armcm4.o(.text.HardFault_Handler)
    ITM_SendChar                             0x000010ed   Thumb Code    46  retarget_io.o(.text.ITM_SendChar)
    Reset_Handler                            0x0000111d   Thumb Code     8  startup_armcm4.o(.text.Reset_Handler)
    SystemInit                               0x00001125   Thumb Code    38  system_armcm4.o(.text.SystemInit)
    _sys_close                               0x0000114d   Thumb Code    18  retarget_io.o(.text._sys_close)
    _sys_flen                                0x00001161   Thumb Code     4  retarget_io.o(.text._sys_flen)
    _sys_istty                               0x00001165   Thumb Code    16  retarget_io.o(.text._sys_istty)
    _sys_open                                0x00001175   Thumb Code    76  retarget_io.o(.text._sys_open)
    _sys_seek                                0x000011d9   Thumb Code     6  retarget_io.o(.text._sys_seek)
    _sys_write                               0x000011e1   Thumb Code    66  retarget_io.o(.text._sys_write)
    main                                     0x00001225   Thumb Code   120  main.o(.text.main)
    print_matrix                             0x000012bd   Thumb Code    84  main.o(.text.print_matrix)
    fputc                                    0x00001325   Thumb Code    26  fputc.o(i.fputc)
    matrix_mul                               0x00001341   Thumb Code     0  matrix.o(program)
    __stderr_name                            0x00001498   Data           8  retarget_io.o(.rodata.__stderr_name)
    __stdin_name                             0x000014a0   Data           7  retarget_io.o(.rodata.__stdin_name)
    __stdout_name                            0x000014a7   Data           8  retarget_io.o(.rodata.__stdout_name)
    Region$$Table$$Base                      0x000014b0   Number         0  anon$$obj.o(Region$$Table)
    Region$$Table$$Limit                     0x000014d0   Number         0  anon$$obj.o(Region$$Table)
    __aeabi_stdin                            0x20000000   Data           4  stdio_streams.o(.data)
    __aeabi_stdout                           0x20000004   Data           4  stdio_streams.o(.data)
    __aeabi_stderr                           0x20000008   Data           4  stdio_streams.o(.data)
    SystemCoreClock                          0x2000000c   Data           4  system_armcm4.o(.data.SystemCoreClock)
    __stdin                                  0x20000010   Data          84  stdio_streams.o(.bss)
    __stdout                                 0x20000064   Data          84  stdio_streams.o(.bss)
    __stderr                                 0x200000b8   Data          84  stdio_streams.o(.bss)
    __libspace_start                         0x2000010c   Data          96  libspace.o(.bss)
    __temporary_stack_top$libspace           0x2000016c   Data           0  libspace.o(.bss)
    Image$$ARM_LIB_HEAP$$ZI$$Base            0x20000188   Number         0  anon$$obj.o ABSOLUTE
    Image$$ARM_LIB_HEAP$$ZI$$Limit           0x20000d88   Number         0  anon$$obj.o ABSOLUTE
    Image$$ARM_LIB_STACK$$ZI$$Limit          0x20040000   Number         0  anon$$obj.o ABSOLUTE



==============================================================================

Memory Map of the image

  Image Entry point : 0x000003c1

  Load Region LR_ROM (Base: 0x00000000, Size: 0x000014e0, Max: 0x00080000, ABSOLUTE)

    Execution Region ER_ROM (Exec base: 0x00000000, Load base: 0x00000000, Size: 0x000014d0, Max: 0x00080000, ABSOLUTE)

    Exec Addr    Load Addr    Size         Type   Attr      Idx    E Section Name        Object

    0x00000000   0x00000000   0x000003c0   Data   RO           70    RESET               startup_armcm4.o
    0x000003c0   0x000003c0   0x00000008   Code   RO          127  * !!!main             c_w.l(__main.o)
    0x000003c8   0x000003c8   0x00000034   Code   RO          492    !!!scatter          c_w.l(__scatter.o)
    0x000003fc   0x000003fc   0x0000001a   Code   RO          494    !!handler_copy      c_w.l(__scatter_copy.o)
    0x00000416   0x00000416   0x00000002   PAD
    0x00000418   0x00000418   0x0000001c   Code   RO          496    !!handler_zi        c_w.l(__scatter_zi.o)
    0x00000434   0x00000434   0x00000000   Code   RO          120    .ARM.Collect$$_printf_percent$$00000000  c_w.l(_printf_percent.o)
    0x00000434   0x00000434   0x00000006   Code   RO          119    .ARM.Collect$$_printf_percent$$00000009  c_w.l(_printf_d.o)
    0x0000043a   0x0000043a   0x00000004   Code   RO          134    .ARM.Collect$$_printf_percent$$00000017  c_w.l(_printf_percent_end.o)
    0x0000043e   0x0000043e   0x00000002   Code   RO          285    .ARM.Collect$$libinit$$00000000  c_w.l(libinit.o)
    0x00000440   0x00000440   0x00000000   Code   RO          287    .ARM.Collect$$libinit$$00000002  c_w.l(libinit2.o)
    0x00000440   0x00000440   0x00000000   Code   RO          289    .ARM.Collect$$libinit$$00000004  c_w.l(libinit2.o)
    0x00000440   0x00000440   0x00000008   Code   RO          403    .ARM.Collect$$libinit$$00000008  c_w.l(libinit5.o)
    0x00000448   0x00000448   0x00000000   Code   RO          292    .ARM.Collect$$libinit$$0000000A  c_w.l(libinit2.o)
    0x00000448   0x00000448   0x00000000   Code   RO          294    .ARM.Collect$$libinit$$0000000C  c_w.l(libinit2.o)
    0x00000448   0x00000448   0x00000000   Code   RO          296    .ARM.Collect$$libinit$$0000000E  c_w.l(libinit2.o)
    0x00000448   0x00000448   0x00000000   Code   RO          299    .ARM.Collect$$libinit$$00000011  c_w.l(libinit2.o)
    0x00000448   0x00000448   0x00000000   Code   RO          301    .ARM.Collect$$libinit$$00000013  c_w.l(libinit2.o)
    0x00000448   0x00000448   0x00000000   Code   RO          303    .ARM.Collect$$libinit$$00000015  c_w.l(libinit2.o)
    0x00000448   0x00000448   0x00000000   Code   RO          305    .ARM.Collect$$libinit$$00000017  c_w.l(libinit2.o)
    0x00000448   0x00000448   0x00000000   Code   RO          307    .ARM.Collect$$libinit$$00000019  c_w.l(libinit2.o)
    0x00000448   0x00000448   0x00000000   Code   RO          309    .ARM.Collect$$libinit$$0000001B  c_w.l(libinit2.o)
    0x00000448   0x00000448   0x00000000   Code   RO          311    .ARM.Collect$$libinit$$0000001D  c_w.l(libinit2.o)
    0x00000448   0x00000448   0x00000000   Code   RO          313    .ARM.Collect$$libinit$$0000001F  c_w.l(libinit2.o)
    0x00000448   0x00000448   0x00000000   Code   RO          315    .ARM.Collect$$libinit$$00000021  c_w.l(libinit2.o)
    0x00000448   0x00000448   0x00000000   Code   RO          317    .ARM.Collect$$libinit$$00000023  c_w.l(libinit2.o)
    0x00000448   0x00000448   0x00000004   Code   RO          318    .ARM.Collect$$libinit$$00000024  c_w.l(libinit2.o)
    0x0000044c   0x0000044c   0x00000000   Code   RO          319    .ARM.Collect$$libinit$$00000025  c_w.l(libinit2.o)
    0x0000044c   0x0000044c   0x00000000   Code   RO          323    .ARM.Collect$$libinit$$0000002C  c_w.l(libinit2.o)
    0x0000044c   0x0000044c   0x00000000   Code   RO          325    .ARM.Collect$$libinit$$0000002E  c_w.l(libinit2.o)
    0x0000044c   0x0000044c   0x00000000   Code   RO          327    .ARM.Collect$$libinit$$00000030  c_w.l(libinit2.o)
    0x0000044c   0x0000044c   0x00000000   Code   RO          329    .ARM.Collect$$libinit$$00000032  c_w.l(libinit2.o)
    0x0000044c   0x0000044c   0x00000002   Code   RO          330    .ARM.Collect$$libinit$$00000033  c_w.l(libinit2.o)
    0x0000044e   0x0000044e   0x00000002   PAD
    0x00000450   0x00000450   0x00000008   Code   RO          404    .ARM.Collect$$libinit$$00002719  c_w.l(libinit5.o)
    0x00000458   0x00000458   0x00000002   Code   RO          471    .ARM.Collect$$libshutdown$$00000000  c_w.l(libshutdown.o)
    0x0000045a   0x0000045a   0x00000000   Code   RO          332    .ARM.Collect$$libshutdown$$00000002  c_w.l(libshutdown2.o)
    0x0000045a   0x0000045a   0x00000004   Code   RO          333    .ARM.Collect$$libshutdown$$00000003  c_w.l(libshutdown2.o)
    0x0000045e   0x0000045e   0x00000000   Code   RO          334    .ARM.Collect$$libshutdown$$00000004  c_w.l(libshutdown2.o)
    0x0000045e   0x0000045e   0x00000000   Code   RO          337    .ARM.Collect$$libshutdown$$00000007  c_w.l(libshutdown2.o)
    0x0000045e   0x0000045e   0x00000000   Code   RO          340    .ARM.Collect$$libshutdown$$0000000A  c_w.l(libshutdown2.o)
    0x0000045e   0x0000045e   0x00000000   Code   RO          342    .ARM.Collect$$libshutdown$$0000000C  c_w.l(libshutdown2.o)
    0x0000045e   0x0000045e   0x00000000   Code   RO          345    .ARM.Collect$$libshutdown$$0000000F  c_w.l(libshutdown2.o)
    0x0000045e   0x0000045e   0x00000002   Code   RO          346    .ARM.Collect$$libshutdown$$00000010  c_w.l(libshutdown2.o)
    0x00000460   0x00000460   0x00000000   Code   RO          129    .ARM.Collect$$rtentry$$00000000  c_w.l(__rtentry.o)
    0x00000460   0x00000460   0x00000000   Code   RO          148    .ARM.Collect$$rtentry$$00000002  c_w.l(__rtentry2.o)
    0x00000460   0x00000460   0x00000004   Code   RO          162    .ARM.Collect$$rtentry$$00000007  c_w.l(__rtentry7.o)
    0x00000464   0x00000464   0x00000000   Code   RO          150    .ARM.Collect$$rtentry$$00000009  c_w.l(__rtentry2.o)
    0x00000464   0x00000464   0x00000004   Code   RO          151    .ARM.Collect$$rtentry$$0000000A  c_w.l(__rtentry2.o)
    0x00000468   0x00000468   0x00000000   Code   RO          153    .ARM.Collect$$rtentry$$0000000C  c_w.l(__rtentry2.o)
    0x00000468   0x00000468   0x00000008   Code   RO          154    .ARM.Collect$$rtentry$$0000000D  c_w.l(__rtentry2.o)
    0x00000470   0x00000470   0x00000004   Code   RO          163    .ARM.Collect$$rtentry$$00002718  c_w.l(__rtentry7.o)
    0x00000474   0x00000474   0x00000002   Code   RO          354    .ARM.Collect$$rtexit$$00000000  c_w.l(rtexit.o)
    0x00000476   0x00000476   0x00000000   Code   RO          421    .ARM.Collect$$rtexit$$00000002  c_w.l(rtexit2.o)
    0x00000476   0x00000476   0x00000004   Code   RO          422    .ARM.Collect$$rtexit$$00000003  c_w.l(rtexit2.o)
    0x0000047a   0x0000047a   0x00000006   Code   RO          423    .ARM.Collect$$rtexit$$00000004  c_w.l(rtexit2.o)
    0x00000480   0x00000480   0x00000018   Code   RO           93    .text               c_w.l(noretval__2printf.o)
    0x00000498   0x00000498   0x00000068   Code   RO           95    .text               c_w.l(__printf.o)
    0x00000500   0x00000500   0x00000078   Code   RO           97    .text               c_w.l(_printf_dec.o)
    0x00000578   0x00000578   0x0000000c   Code   RO          121    .text               c_w.l(putchar.o)
    0x00000584   0x00000584   0x0000002c   Code   RO          123    .text               c_w.l(puts.o)
    0x000005b0   0x000005b0   0x0000007c   Code   RO          125    .text               c_w.l(strcmpv7em.o)
    0x0000062c   0x0000062c   0x000000b2   Code   RO          130    .text               c_w.l(_printf_intcommon.o)
    0x000006de   0x000006de   0x00000002   PAD
    0x000006e0   0x000006e0   0x00000024   Code   RO          132    .text               c_w.l(_printf_char_file.o)
    0x00000704   0x00000704   0x00000030   Code   RO          167    .text               c_w.l(_printf_char_common.o)
    0x00000734   0x00000734   0x00000008   Code   RO          169    .text               c_w.l(ferror.o)
    0x0000073c   0x0000073c   0x000001d6   Code   RO          171    .text               c_w.l(flsbuf.o)
    0x00000912   0x00000912   0x00000002   PAD
    0x00000914   0x00000914   0x00000138   Code   RO          173    .text               c_w.l(initio.o)
    0x00000a4c   0x00000a4c   0x0000005e   Code   RO          189    .text               c_w.l(h1_alloc.o)
    0x00000aaa   0x00000aaa   0x0000004e   Code   RO          191    .text               c_w.l(h1_free.o)
    0x00000af8   0x00000af8   0x00000046   Code   RO          251    .text               c_w.l(setvbuf.o)
    0x00000b3e   0x00000b3e   0x00000002   PAD
    0x00000b40   0x00000b40   0x000000f0   Code   RO          253    .text               c_w.l(stdio.o)
    0x00000c30   0x00000c30   0x000000f0   Code   RO          258    .text               c_w.l(fopen.o)
    0x00000d20   0x00000d20   0x0000004c   Code   RO          260    .text               c_w.l(fclose.o)
    0x00000d6c   0x00000d6c   0x00000012   Code   RO          270    .text               c_w.l(exit.o)
    0x00000d7e   0x00000d7e   0x0000000e   Code   RO          272    .text               c_w.l(defsig_rtred_outer.o)
    0x00000d8c   0x00000d8c   0x0000004e   Code   RO          278    .text               c_w.l(rt_memclr_w.o)
    0x00000dda   0x00000dda   0x00000002   PAD
    0x00000ddc   0x00000ddc   0x00000008   Code   RO          361    .text               c_w.l(rt_heap_descriptor_intlibspace.o)
    0x00000de4   0x00000de4   0x00000004   Code   RO          363    .text               c_w.l(hguard.o)
    0x00000de8   0x00000de8   0x0000008a   Code   RO          365    .text               c_w.l(init_alloc.o)
    0x00000e72   0x00000e72   0x0000000e   Code   RO          369    .text               c_w.l(h1_init.o)
    0x00000e80   0x00000e80   0x000000f8   Code   RO          385    .text               c_w.l(fseek.o)
    0x00000f78   0x00000f78   0x0000000a   Code   RO          391    .text               c_w.l(defsig_exit.o)
    0x00000f82   0x00000f82   0x00000002   PAD
    0x00000f84   0x00000f84   0x00000034   Code   RO          393    .text               c_w.l(defsig_rtred_inner.o)
    0x00000fb8   0x00000fb8   0x0000000c   Code   RO          411    .text               c_w.l(sys_exit.o)
    0x00000fc4   0x00000fc4   0x00000002   Code   RO          417    .text               c_w.l(use_no_semi.o)
    0x00000fc6   0x00000fc6   0x00000000   Code   RO          419    .text               c_w.l(indicate_semi.o)
    0x00000fc6   0x00000fc6   0x00000000   Code   RO          429    .text               c_w.l(maybetermalloc1.o)
    0x00000fc6   0x00000fc6   0x00000034   Code   RO          431    .text               c_w.l(h1_extend.o)
    0x00000ffa   0x00000ffa   0x00000042   Code   RO          435    .text               c_w.l(ftell.o)
    0x0000103c   0x0000103c   0x00000032   Code   RO          439    .text               c_w.l(defsig_general.o)
    0x0000106e   0x0000106e   0x0000000e   Code   RO          441    .text               c_w.l(defsig_rtmem_outer.o)
    0x0000107c   0x0000107c   0x0000000e   Code   RO          454    .text               c_w.l(sys_wrch.o)
    0x0000108a   0x0000108a   0x00000002   PAD
    0x0000108c   0x0000108c   0x00000008   Code   RO          461    .text               c_w.l(rt_errno_addr_intlibspace.o)
    0x00001094   0x00001094   0x00000050   Code   RO          465    .text               c_w.l(defsig_rtmem_inner.o)
    0x000010e4   0x000010e4   0x00000002   Code   RO           64    .text.Default_Handler  startup_armcm4.o
    0x000010e6   0x000010e6   0x00000002   PAD
    0x000010e8   0x000010e8   0x00000002   Code   RO           68    .text.HardFault_Handler  startup_armcm4.o
    0x000010ea   0x000010ea   0x00000002   PAD
    0x000010ec   0x000010ec   0x0000002e   Code   RO           28    .text.ITM_SendChar  retarget_io.o
    0x0000111a   0x0000111a   0x00000002   PAD
    0x0000111c   0x0000111c   0x00000008   Code   RO           66    .text.Reset_Handler  startup_armcm4.o
    0x00001124   0x00001124   0x00000026   Code   RO           80    .text.SystemInit    system_armcm4.o
    0x0000114a   0x0000114a   0x00000002   PAD
    0x0000114c   0x0000114c   0x00000012   Code   RO           34    .text._sys_close    retarget_io.o
    0x0000115e   0x0000115e   0x00000002   PAD
    0x00001160   0x00001160   0x00000004   Code   RO           50    .text._sys_flen     retarget_io.o
    0x00001164   0x00001164   0x00000010   Code   RO           46    .text._sys_istty    retarget_io.o
    0x00001174   0x00001174   0x00000064   Code   RO           32    .text._sys_open     retarget_io.o
    0x000011d8   0x000011d8   0x00000006   Code   RO           48    .text._sys_seek     retarget_io.o
    0x000011de   0x000011de   0x00000002   PAD
    0x000011e0   0x000011e0   0x00000042   Code   RO           36    .text._sys_write    retarget_io.o
    0x00001222   0x00001222   0x00000002   PAD
    0x00001224   0x00001224   0x00000098   Code   RO            6    .text.main          main.o
    0x000012bc   0x000012bc   0x00000058   Code   RO            4    .text.print_matrix  main.o
    0x00001314   0x00001314   0x00000008   Code   RO           40    .text.stderr_putchar  retarget_io.o
    0x0000131c   0x0000131c   0x00000008   Code   RO           38    .text.stdout_putchar  retarget_io.o
    0x00001324   0x00001324   0x0000001a   Code   RO          136    i.fputc             c_w.l(fputc.o)
    0x0000133e   0x0000133e   0x00000002   PAD
    0x00001340   0x00001340   0x000000a6   Code   RO           22    program             matrix.o
    0x000013e6   0x000013e6   0x00000002   PAD
    0x000013e8   0x000013e8   0x0000000c   Data   RO           13    .rodata..L__const.main.results_matrix  main.o
    0x000013f4   0x000013f4   0x0000000c   Data   RO            9    .rodata..L__const.main.source_matrix1  main.o
    0x00001400   0x00001400   0x0000000c   Data   RO           11    .rodata..L__const.main.source_matrix2  main.o
    0x0000140c   0x0000140c   0x00000038   Data   RO            8    .rodata.SOURCE_MATRIX1_DATA  main.o
    0x00001444   0x00001444   0x00000054   Data   RO           10    .rodata.SOURCE_MATRIX2_DATA  main.o
    0x00001498   0x00001498   0x00000008   Data   RO           55    .rodata.__stderr_name  retarget_io.o
    0x000014a0   0x000014a0   0x00000007   Data   RO           53    .rodata.__stdin_name  retarget_io.o
    0x000014a7   0x000014a7   0x00000008   Data   RO           54    .rodata.__stdout_name  retarget_io.o
    0x000014af   0x000014af   0x00000001   PAD
    0x000014b0   0x000014b0   0x00000020   Data   RO          491    Region$$Table       anon$$obj.o


    Execution Region RW_RAM (Exec base: 0x20000000, Load base: 0x000014d0, Size: 0x00000184, Max: 0x0003f200, ABSOLUTE)

    Exec Addr    Load Addr    Size         Type   Attr      Idx    E Section Name        Object

    0x20000000   0x000014d0   0x00000004   Data   RW          142    .data               c_w.l(stdio_streams.o)
    0x20000004   0x000014d4   0x00000004   Data   RW          143    .data               c_w.l(stdio_streams.o)
    0x20000008   0x000014d8   0x00000004   Data   RW          144    .data               c_w.l(stdio_streams.o)
    0x2000000c   0x000014dc   0x00000004   Data   RW           82    .data.SystemCoreClock  system_armcm4.o
    0x20000010        -       0x00000054   Zero   RW          139    .bss                c_w.l(stdio_streams.o)
    0x20000064        -       0x00000054   Zero   RW          140    .bss                c_w.l(stdio_streams.o)
    0x200000b8        -       0x00000054   Zero   RW          141    .bss                c_w.l(stdio_streams.o)
    0x2000010c        -       0x00000060   Zero   RW          348    .bss                c_w.l(libspace.o)
    0x2000016c        -       0x00000018   Zero   RW           12    .bss.results_matrix_data  main.o


    Execution Region ARM_LIB_HEAP (Exec base: 0x20000188, Load base: 0x000014e0, Size: 0x00000c00, Max: 0x00000c00, ABSOLUTE)

    Exec Addr    Load Addr    Size         Type   Attr      Idx    E Section Name        Object

    0x20000188        -       0x00000c00   Zero   RW            1    ARM_LIB_HEAP.bss    anon$$obj.o


    Execution Region ARM_LIB_STACK (Exec base: 0x2003fe00, Load base: 0x000014e0, Size: 0x00000200, Max: 0x00000200, ABSOLUTE)

    Exec Addr    Load Addr    Size         Type   Attr      Idx    E Section Name        Object

    0x2003fe00        -       0x00000200   Zero   RW            2    ARM_LIB_STACK.bss   anon$$obj.o


==============================================================================

Image component sizes


      Code (inc. data)   RO Data    RW Data    ZI Data      Debug   Object Name

       240         36        176          0         24       1261   main.o
       166          0          0          0          0        260   matrix.o
       272         24         23          0          0       3572   retarget_io.o
        12          0        960          0          0        840   startup_armcm4.o
        38          0          0          4          0       1357   system_armcm4.o

    ----------------------------------------------------------------------
       744         60       1192          4       3608       7290   Object Totals
         0          0         32          0       3584          0   (incl. Generated)
        16          0          1          0          0          0   (incl. Padding)

    ----------------------------------------------------------------------

      Code (inc. data)   RO Data    RW Data    ZI Data      Debug   Library Member Name

         8          0          0          0          0         68   __main.o
       104          0          0          0          0         84   __printf.o
         0          0          0          0          0          0   __rtentry.o
        12          0          0          0          0          0   __rtentry2.o
         8          4          0          0          0          0   __rtentry7.o
        52          8          0          0          0          0   __scatter.o
        26          0          0          0          0          0   __scatter_copy.o
        28          0          0          0          0          0   __scatter_zi.o
        48          6          0          0          0         96   _printf_char_common.o
        36          4          0          0          0         80   _printf_char_file.o
         6          0          0          0          0          0   _printf_d.o
       120         16          0          0          0         92   _printf_dec.o
       178          0          0          0          0         88   _printf_intcommon.o
         0          0          0          0          0          0   _printf_percent.o
         4          0          0          0          0          0   _printf_percent_end.o
        10          0          0          0          0         68   defsig_exit.o
        50          0          0          0          0         88   defsig_general.o
        80         58          0          0          0         76   defsig_rtmem_inner.o
        14          0          0          0          0         80   defsig_rtmem_outer.o
        52         38          0          0          0         76   defsig_rtred_inner.o
        14          0          0          0          0         80   defsig_rtred_outer.o
        18          0          0          0          0         80   exit.o
        76          0          0          0          0         88   fclose.o
         8          0          0          0          0         68   ferror.o
       470          0          0          0          0         88   flsbuf.o
       240          6          0          0          0        128   fopen.o
        26          0          0          0          0         68   fputc.o
       248          6          0          0          0         84   fseek.o
        66          0          0          0          0         76   ftell.o
        94          0          0          0          0         80   h1_alloc.o
        52          0          0          0          0         68   h1_extend.o
        78          0          0          0          0         80   h1_free.o
        14          0          0          0          0         84   h1_init.o
         4          0          0          0          0        136   hguard.o
         0          0          0          0          0          0   indicate_semi.o
       138          0          0          0          0        168   init_alloc.o
       312         46          0          0          0        112   initio.o
         2          0          0          0          0          0   libinit.o
         6          0          0          0          0          0   libinit2.o
        16          8          0          0          0          0   libinit5.o
         2          0          0          0          0          0   libshutdown.o
         6          0          0          0          0          0   libshutdown2.o
         0          0          0          0         96          0   libspace.o
         0          0          0          0          0          0   maybetermalloc1.o
        24          4          0          0          0         84   noretval__2printf.o
        12          6          0          0          0         68   putchar.o
        44          4          0          0          0         84   puts.o
         8          4          0          0          0         68   rt_errno_addr_intlibspace.o
         8          4          0          0          0         68   rt_heap_descriptor_intlibspace.o
        78          0          0          0          0         80   rt_memclr_w.o
         2          0          0          0          0          0   rtexit.o
        10          0          0          0          0          0   rtexit2.o
        70          0          0          0          0         80   setvbuf.o
       240          6          0          0          0        156   stdio.o
         0          0          0         12        252          0   stdio_streams.o
       124          0          0          0          0         88   strcmpv7em.o
        12          4          0          0          0         68   sys_exit.o
        14          0          0          0          0         76   sys_wrch.o
         2          0          0          0          0         68   use_no_semi.o

    ----------------------------------------------------------------------
      3392        232          0         12        348       3372   Library Totals
        18          0          0          0          0          0   (incl. Padding)

    ----------------------------------------------------------------------

      Code (inc. data)   RO Data    RW Data    ZI Data      Debug   Library Name

      3374        232          0         12        348       3372   c_w.l

    ----------------------------------------------------------------------
      3392        232          0         12        348       3372   Library Totals

    ----------------------------------------------------------------------

==============================================================================


      Code (inc. data)   RO Data    RW Data    ZI Data      Debug   

      4136        292       1192         16       3956       8882   Grand Totals
      4136        292       1192         16       3956       8882   ELF Image Totals
      4136        292       1192         16          0          0   ROM Totals

==============================================================================

    Total RO  Size (Code + RO Data)                 5328 (   5.20kB)
    Total RW  Size (RW Data + ZI Data)              3972 (   3.88kB)
    Total ROM Size (Code + RO Data + RW Data)       5344 (   5.22kB)

==============================================================================

